Component: ARM Compiler 5.05 (build 41) Tool: armlink [4d0eb9]

==============================================================================

Section Cross References

    cs43l22.o(i.CODEC_IO_Write) refers to stm324xg_eval.o(i.AUDIO_IO_Write) for AUDIO_IO_Write
    cs43l22.o(i.cs43l22_Init) refers to stm324xg_eval.o(i.AUDIO_IO_Init) for AUDIO_IO_Init
    cs43l22.o(i.cs43l22_Init) refers to cs43l22.o(i.CODEC_IO_Write) for CODEC_IO_Write
    cs43l22.o(i.cs43l22_Init) refers to cs43l22.o(i.cs43l22_SetVolume) for cs43l22_SetVolume
    cs43l22.o(i.cs43l22_Init) refers to cs43l22.o(.data) for OutputDev
    cs43l22.o(i.cs43l22_Pause) refers to cs43l22.o(i.cs43l22_SetMute) for cs43l22_SetMute
    cs43l22.o(i.cs43l22_Pause) refers to cs43l22.o(i.CODEC_IO_Write) for CODEC_IO_Write
    cs43l22.o(i.cs43l22_Play) refers to cs43l22.o(i.cs43l22_SetMute) for cs43l22_SetMute
    cs43l22.o(i.cs43l22_Play) refers to cs43l22.o(i.CODEC_IO_Write) for CODEC_IO_Write
    cs43l22.o(i.cs43l22_Play) refers to cs43l22.o(.data) for Is_cs43l22_Stop
    cs43l22.o(i.cs43l22_ReadID) refers to stm324xg_eval.o(i.AUDIO_IO_Init) for AUDIO_IO_Init
    cs43l22.o(i.cs43l22_ReadID) refers to stm324xg_eval.o(i.AUDIO_IO_Read) for AUDIO_IO_Read
    cs43l22.o(i.cs43l22_Resume) refers to cs43l22.o(i.cs43l22_SetMute) for cs43l22_SetMute
    cs43l22.o(i.cs43l22_Resume) refers to cs43l22.o(i.CODEC_IO_Write) for CODEC_IO_Write
    cs43l22.o(i.cs43l22_Resume) refers to cs43l22.o(.data) for OutputDev
    cs43l22.o(i.cs43l22_SetMute) refers to cs43l22.o(i.CODEC_IO_Write) for CODEC_IO_Write
    cs43l22.o(i.cs43l22_SetMute) refers to cs43l22.o(.data) for OutputDev
    cs43l22.o(i.cs43l22_SetOutputMode) refers to cs43l22.o(i.CODEC_IO_Write) for CODEC_IO_Write
    cs43l22.o(i.cs43l22_SetOutputMode) refers to cs43l22.o(.data) for OutputDev
    cs43l22.o(i.cs43l22_SetVolume) refers to cs43l22.o(i.CODEC_IO_Write) for CODEC_IO_Write
    cs43l22.o(i.cs43l22_Stop) refers to cs43l22.o(i.cs43l22_SetMute) for cs43l22_SetMute
    cs43l22.o(i.cs43l22_Stop) refers to cs43l22.o(i.CODEC_IO_Write) for CODEC_IO_Write
    cs43l22.o(i.cs43l22_Stop) refers to cs43l22.o(.data) for Is_cs43l22_Stop
    cs43l22.o(.data) refers to cs43l22.o(i.cs43l22_Init) for cs43l22_Init
    cs43l22.o(.data) refers to cs43l22.o(i.cs43l22_ReadID) for cs43l22_ReadID
    cs43l22.o(.data) refers to cs43l22.o(i.cs43l22_Play) for cs43l22_Play
    cs43l22.o(.data) refers to cs43l22.o(i.cs43l22_Pause) for cs43l22_Pause
    cs43l22.o(.data) refers to cs43l22.o(i.cs43l22_Resume) for cs43l22_Resume
    cs43l22.o(.data) refers to cs43l22.o(i.cs43l22_Stop) for cs43l22_Stop
    cs43l22.o(.data) refers to cs43l22.o(i.cs43l22_SetFrequency) for cs43l22_SetFrequency
    cs43l22.o(.data) refers to cs43l22.o(i.cs43l22_SetVolume) for cs43l22_SetVolume
    cs43l22.o(.data) refers to cs43l22.o(i.cs43l22_SetMute) for cs43l22_SetMute
    cs43l22.o(.data) refers to cs43l22.o(i.cs43l22_SetOutputMode) for cs43l22_SetOutputMode
    ili9325.o(i.ili9325_DisplayOff) refers to ili9325.o(i.ili9325_WriteReg) for ili9325_WriteReg
    ili9325.o(i.ili9325_DisplayOn) refers to ili9325.o(i.ili9325_WriteReg) for ili9325_WriteReg
    ili9325.o(i.ili9325_DrawBitmap) refers to ili9325.o(i.ili9325_WriteReg) for ili9325_WriteReg
    ili9325.o(i.ili9325_DrawBitmap) refers to ili9325.o(i.ili9325_SetCursor) for ili9325_SetCursor
    ili9325.o(i.ili9325_DrawBitmap) refers to stm324xg_eval.o(i.LCD_IO_WriteReg) for LCD_IO_WriteReg
    ili9325.o(i.ili9325_DrawBitmap) refers to stm324xg_eval.o(i.LCD_IO_WriteData) for LCD_IO_WriteData
    ili9325.o(i.ili9325_DrawHLine) refers to ili9325.o(i.ili9325_SetCursor) for ili9325_SetCursor
    ili9325.o(i.ili9325_DrawHLine) refers to stm324xg_eval.o(i.LCD_IO_WriteReg) for LCD_IO_WriteReg
    ili9325.o(i.ili9325_DrawHLine) refers to stm324xg_eval.o(i.LCD_IO_WriteData) for LCD_IO_WriteData
    ili9325.o(i.ili9325_DrawRGBImage) refers to ili9325.o(i.ili9325_SetCursor) for ili9325_SetCursor
    ili9325.o(i.ili9325_DrawRGBImage) refers to stm324xg_eval.o(i.LCD_IO_WriteReg) for LCD_IO_WriteReg
    ili9325.o(i.ili9325_DrawRGBImage) refers to stm324xg_eval.o(i.LCD_IO_WriteData) for LCD_IO_WriteData
    ili9325.o(i.ili9325_DrawVLine) refers to ili9325.o(i.ili9325_WriteReg) for ili9325_WriteReg
    ili9325.o(i.ili9325_DrawVLine) refers to ili9325.o(i.ili9325_SetCursor) for ili9325_SetCursor
    ili9325.o(i.ili9325_DrawVLine) refers to stm324xg_eval.o(i.LCD_IO_WriteReg) for LCD_IO_WriteReg
    ili9325.o(i.ili9325_DrawVLine) refers to stm324xg_eval.o(i.LCD_IO_WriteData) for LCD_IO_WriteData
    ili9325.o(i.ili9325_Init) refers to stm324xg_eval.o(i.LCD_IO_Init) for LCD_IO_Init
    ili9325.o(i.ili9325_Init) refers to ili9325.o(i.ili9325_WriteReg) for ili9325_WriteReg
    ili9325.o(i.ili9325_Init) refers to ili9325.o(i.ili9325_SetCursor) for ili9325_SetCursor
    ili9325.o(i.ili9325_Init) refers to stm324xg_eval.o(i.LCD_IO_WriteReg) for LCD_IO_WriteReg
[...]
    i.netif_init                             0x080058c0   Section        0  netif.o(i.netif_init)
    i.netif_set_addr                         0x080058c2   Section        0  netif.o(i.netif_set_addr)
    i.netif_set_default                      0x080058ec   Section        0  netif.o(i.netif_set_default)
    i.netif_set_down                         0x080058fc   Section        0  netif.o(i.netif_set_down)
    i.netif_set_gw                           0x08005926   Section        0  netif.o(i.netif_set_gw)
    i.netif_set_ipaddr                       0x08005938   Section        0  netif.o(i.netif_set_ipaddr)
    i.netif_set_link_callback                0x080059bc   Section        0  netif.o(i.netif_set_link_callback)
    i.netif_set_link_down                    0x080059c2   Section        0  netif.o(i.netif_set_link_down)
    i.netif_set_link_up                      0x080059ec   Section        0  netif.o(i.netif_set_link_up)
    i.netif_set_netmask                      0x08005a3c   Section        0  netif.o(i.netif_set_netmask)
    i.netif_set_up                           0x08005a4c   Section        0  netif.o(i.netif_set_up)
    i.pbuf_alloc                             0x08005a82   Section        0  pbuf.o(i.pbuf_alloc)
    i.pbuf_alloced_custom                    0x08005c24   Section        0  pbuf.o(i.pbuf_alloced_custom)
    i.pbuf_cat                               0x08005c98   Section        0  pbuf.o(i.pbuf_cat)
    i.pbuf_chain                             0x08005cd0   Section        0  pbuf.o(i.pbuf_chain)
    i.pbuf_clen                              0x08005cea   Section        0  pbuf.o(i.pbuf_clen)
    i.pbuf_copy                              0x08005cfc   Section        0  pbuf.o(i.pbuf_copy)
    i.pbuf_copy_partial                      0x08005dc4   Section        0  pbuf.o(i.pbuf_copy_partial)
    i.pbuf_free                              0x08005e56   Section        0  pbuf.o(i.pbuf_free)
    i.pbuf_header                            0x08005eec   Section        0  pbuf.o(i.pbuf_header)
    i.pbuf_realloc                           0x08005f72   Section        0  pbuf.o(i.pbuf_realloc)
    i.pbuf_ref                               0x08005fea   Section        0  pbuf.o(i.pbuf_ref)
    i.pbuf_take                              0x08005ff4   Section        0  pbuf.o(i.pbuf_take)
    i.plug_holes                             0x08006068   Section        0  mem.o(i.plug_holes)
    plug_holes                               0x08006069   Thumb Code   124  mem.o(i.plug_holes)
    i.raw_input                              0x080060f0   Section        0  raw.o(i.raw_input)
    i.sys_check_timeouts                     0x08006164   Section        0  lwip_timers.o(i.sys_check_timeouts)
    i.sys_now                                0x080061c8   Section        0  ethernetif.o(i.sys_now)
    i.sys_timeout                            0x080061d0   Section        0  lwip_timers.o(i.sys_timeout)
    i.sys_timeouts_init                      0x0800626c   Section        0  lwip_timers.o(i.sys_timeouts_init)
    i.tcp_abandon                            0x080062bc   Section        0  tcp.o(i.tcp_abandon)
    i.tcp_abort                              0x08006354   Section        0  tcp.o(i.tcp_abort)
    i.tcp_alloc                              0x08006364   Section        0  tcp.o(i.tcp_alloc)
    i.tcp_close                              0x08006428   Section        0  tcp.o(i.tcp_close)
    i.tcp_close_shutdown                     0x08006444   Section        0  tcp.o(i.tcp_close_shutdown)
    tcp_close_shutdown                       0x08006445   Thumb Code   432  tcp.o(i.tcp_close_shutdown)
    i.tcp_create_segment                     0x0800660c   Section        0  tcp_out.o(i.tcp_create_segment)
    tcp_create_segment                       0x0800660d   Thumb Code   184  tcp_out.o(i.tcp_create_segment)
    i.tcp_eff_send_mss                       0x080066c4   Section        0  tcp.o(i.tcp_eff_send_mss)
    i.tcp_enqueue_flags                      0x080066f2   Section        0  tcp_out.o(i.tcp_enqueue_flags)
    i.tcp_fasttmr                            0x08006818   Section        0  tcp.o(i.tcp_fasttmr)
    i.tcp_init                               0x08006898   Section        0  tcp.o(i.tcp_init)
    i.tcp_input                              0x0800689c   Section        0  tcp_in.o(i.tcp_input)
    i.tcp_keepalive                          0x08006d34   Section        0  tcp_out.o(i.tcp_keepalive)
    i.tcp_kill_prio                          0x08006d84   Section        0  tcp.o(i.tcp_kill_prio)
    tcp_kill_prio                            0x08006d85   Thumb Code    80  tcp.o(i.tcp_kill_prio)
    i.tcp_kill_timewait                      0x08006ddc   Section        0  tcp.o(i.tcp_kill_timewait)
    tcp_kill_timewait                        0x08006ddd   Thumb Code    54  tcp.o(i.tcp_kill_timewait)
    i.tcp_listen_input                       0x08006e1c   Section        0  tcp_in.o(i.tcp_listen_input)
    tcp_listen_input                         0x08006e1d   Thumb Code   280  tcp_in.o(i.tcp_listen_input)
    i.tcp_next_iss                           0x08006f58   Section        0  tcp.o(i.tcp_next_iss)
    i.tcp_output                             0x08006f74   Section        0  tcp_out.o(i.tcp_output)
    i.tcp_output_alloc_header                0x08007134   Section        0  tcp_out.o(i.tcp_output_alloc_header)
    tcp_output_alloc_header                  0x08007135   Thumb Code   120  tcp_out.o(i.tcp_output_alloc_header)
    i.tcp_output_segment                     0x080071ac   Section        0  tcp_out.o(i.tcp_output_segment)
    tcp_output_segment                       0x080071ad   Thumb Code   210  tcp_out.o(i.tcp_output_segment)
    i.tcp_parseopt                           0x08007284   Section        0  tcp_in.o(i.tcp_parseopt)
    tcp_parseopt                             0x08007285   Thumb Code   202  tcp_in.o(i.tcp_parseopt)
    i.tcp_pcb_purge                          0x08007354   Section        0  tcp.o(i.tcp_pcb_purge)
    i.tcp_pcb_remove                         0x080073ac   Section        0  tcp.o(i.tcp_pcb_remove)
    i.tcp_process                            0x0800743c   Section        0  tcp_in.o(i.tcp_process)
    tcp_process                              0x0800743d   Thumb Code  1434  tcp_in.o(i.tcp_process)
    i.tcp_process_refused_data               0x080079f4   Section        0  tcp.o(i.tcp_process_refused_data)
    i.tcp_receive                            0x08007a88   Section        0  tcp_in.o(i.tcp_receive)
    tcp_receive                              0x08007a89   Thumb Code  1634  tcp_in.o(i.tcp_receive)
    i.tcp_recv_null                          0x08008100   Section        0  tcp.o(i.tcp_recv_null)
    i.tcp_recved                             0x0800812e   Section        0  tcp.o(i.tcp_recved)
    i.tcp_rexmit                             0x08008178   Section        0  tcp_out.o(i.tcp_rexmit)
    i.tcp_rexmit_fast                        0x080081d2   Section        0  tcp_out.o(i.tcp_rexmit_fast)
    i.tcp_rexmit_rto                         0x0800824a   Section        0  tcp_out.o(i.tcp_rexmit_rto)
    i.tcp_rst                                0x08008284   Section        0  tcp_out.o(i.tcp_rst)
    i.tcp_seg_free                           0x08008308   Section        0  tcp.o(i.tcp_seg_free)
    i.tcp_segs_free                          0x08008322   Section        0  tcp.o(i.tcp_segs_free)
    i.tcp_send_empty_ack                     0x0800833a   Section        0  tcp_out.o(i.tcp_send_empty_ack)
    i.tcp_send_fin                           0x0800838e   Section        0  tcp_out.o(i.tcp_send_fin)
    i.tcp_slowtmr                            0x080083d8   Section        0  tcp.o(i.tcp_slowtmr)
    i.tcp_timer_needed                       0x08008738   Section        0  lwip_timers.o(i.tcp_timer_needed)
    i.tcp_timewait_input                     0x08008770   Section        0  tcp_in.o(i.tcp_timewait_input)
    tcp_timewait_input                       0x08008771   Thumb Code   140  tcp_in.o(i.tcp_timewait_input)
    i.tcp_tmr                                0x0800881c   Section        0  tcp.o(i.tcp_tmr)
    i.tcp_update_rcv_ann_wnd                 0x08008840   Section        0  tcp.o(i.tcp_update_rcv_ann_wnd)
    i.tcp_zero_window_probe                  0x0800888e   Section        0  tcp_out.o(i.tcp_zero_window_probe)
    i.tcpip_tcp_timer                        0x08008944   Section        0  lwip_timers.o(i.tcpip_tcp_timer)
    tcpip_tcp_timer                          0x08008945   Thumb Code    40  lwip_timers.o(i.tcpip_tcp_timer)
    i.udp_bind                               0x0800897c   Section        0  udp.o(i.udp_bind)
    i.udp_connect                            0x08008a14   Section        0  udp.o(i.udp_connect)
    i.udp_init                               0x08008a7c   Section        0  udp.o(i.udp_init)
    i.udp_input                              0x08008a80   Section        0  udp.o(i.udp_input)
    i.udp_new                                0x08008c64   Section        0  udp.o(i.udp_new)
    i.udp_new_port                           0x08008c80   Section        0  udp.o(i.udp_new_port)
    udp_new_port                             0x08008c81   Thumb Code    80  udp.o(i.udp_new_port)
    i.udp_receive_callback                   0x08008cd8   Section        0  concentrator.o(i.udp_receive_callback)
    i.udp_recv                               0x08008cf6   Section        0  udp.o(i.udp_recv)
    i.udp_send                               0x08008cfc   Section        0  udp.o(i.udp_send)
    i.udp_sendto                             0x08008d10   Section        0  udp.o(i.udp_sendto)
    i.udp_sendto_if                          0x08008d46   Section        0  udp.o(i.udp_sendto_if)
    .constdata                               0x08008e36   Section       28  stm324xg_eval.o(.constdata)
    .constdata                               0x08008e52   Section       16  stm32f4xx_hal_rcc.o(.constdata)
    .constdata                               0x08008e62   Section       40  memp.o(.constdata)
    memp_sizes                               0x08008e62   Data          20  memp.o(.constdata)
    memp_num                                 0x08008e76   Data          20  memp.o(.constdata)
    .constdata                               0x08008e8c   Section       80  tcp.o(.constdata)
    .constdata                               0x08008edc   Section        8  ip_addr.o(.constdata)
    .constdata                               0x08008ee4   Section       12  etharp.o(.constdata)
    .conststring                             0x08008ef0   Section      117  tcp.o(.conststring)
    .data                                    0x20000000   Section       42  stm324xg_eval.o(.data)
    Is_LCD_IO_Initialized                    0x20000028   Data           1  stm324xg_eval.o(.data)
    I2C_IT_Enabled                           0x20000029   Data           1  stm324xg_eval.o(.data)
    .data                                    0x2000002c   Section       20  system_stm32f4xx.o(.data)
    .data                                    0x20000040   Section        4  stm32f4xx_hal.o(.data)
    uwTick                                   0x20000040   Data           4  stm32f4xx_hal.o(.data)
    .data                                    0x20000044   Section        8  main.o(.data)
    .data                                    0x2000004c   Section        8  concentrator.o(.data)
    .data                                    0x20000054   Section        4  dhcp.o(.data)
    xid                                      0x20000054   Data           4  dhcp.o(.data)
    .data                                    0x20000058   Section       12  lwip_timers.o(.data)
    next_timeout                             0x20000058   Data           4  lwip_timers.o(.data)
    timeouts_last_time                       0x2000005c   Data           4  lwip_timers.o(.data)
    tcpip_tcp_timer_active                   0x20000060   Data           4  lwip_timers.o(.data)
    .data                                    0x20000064   Section       12  mem.o(.data)
    ram                                      0x20000064   Data           4  mem.o(.data)
    ram_end                                  0x20000068   Data           4  mem.o(.data)
    lfree                                    0x2000006c   Data           4  mem.o(.data)
    .data                                    0x20000070   Section        9  netif.o(.data)
    netif_num                                0x20000078   Data           1  netif.o(.data)
    .data                                    0x2000007c   Section        4  raw.o(.data)
    raw_pcbs                                 0x2000007c   Data           4  raw.o(.data)
    .data                                    0x20000080   Section       36  tcp.o(.data)
    tcp_port                                 0x20000080   Data           2  tcp.o(.data)
    tcp_timer                                0x2000009d   Data           1  tcp.o(.data)
    tcp_timer_ctr                            0x2000009e   Data           1  tcp.o(.data)
    iss                                      0x200000a0   Data           4  tcp.o(.data)
    .data                                    0x200000a4   Section       32  tcp_in.o(.data)
    tcphdr                                   0x200000a4   Data           4  tcp_in.o(.data)
    iphdr                                    0x200000a8   Data           4  tcp_in.o(.data)
    seqno                                    0x200000ac   Data           4  tcp_in.o(.data)
    ackno                                    0x200000b0   Data           4  tcp_in.o(.data)
    flags                                    0x200000b4   Data           1  tcp_in.o(.data)
    tcplen                                   0x200000b6   Data           2  tcp_in.o(.data)
    recv_flags                               0x200000b8   Data           1  tcp_in.o(.data)
    recv_data                                0x200000bc   Data           4  tcp_in.o(.data)
    .data                                    0x200000c4   Section        8  udp.o(.data)
    udp_port                                 0x200000c4   Data           2  udp.o(.data)
    .data                                    0x200000cc   Section       18  ip.o(.data)
    ip_id                                    0x200000dc   Data           2  ip.o(.data)
    .data                                    0x200000e0   Section        6  ip_frag.o(.data)
    reassdatagrams                           0x200000e0   Data           4  ip_frag.o(.data)
    ip_reass_pbufcount                       0x200000e4   Data           2  ip_frag.o(.data)
    .data                                    0x200000e6   Section        1  etharp.o(.data)
    etharp_cached_entry                      0x200000e6   Data           1  etharp.o(.data)
    .data                                    0x200000e8   Section        4  rand.o(.data)
    _rand_state                              0x200000e8   Data           4  rand.o(.data)
    .bss                                     0x200000ec   Section      212  main.o(.bss)
    .bss                                     0x200001c0   Section    12520  ethernetif.o(.bss)
    .bss                                     0x200032a8   Section      100  concentrator.o(.bss)
    .bss                                     0x2000330c   Section    10260  mem.o(.bss)
    .bss                                     0x20005b20   Section     9411  memp.o(.bss)
    memp_tab                                 0x20005b20   Data          40  memp.o(.bss)
    memp_memory                              0x20005b48   Data        9371  memp.o(.bss)
    .bss                                     0x20007fe4   Section       20  tcp_in.o(.bss)
    inseg                                    0x20007fe4   Data          20  tcp_in.o(.bss)
    .bss                                     0x20007ff8   Section      200  etharp.o(.bss)
    arp_table                                0x20007ff8   Data         200  etharp.o(.bss)
    STACK                                    0x200080c0   Section     1024  startup_stm32f407xx.o(STACK)

    Global Symbols

    Symbol Name                              Value     Ov Type        Size  Object(Section)

    BuildAttributes$$THM_ISAv4$E$P$D$K$B$S$7EM$VFPi3$EXTD16$VFPS$VFMA$PE$A:L22UL41UL21$X:L11$S22US41US21$IEEE1$IW$USESV6$~STKCKD$USESV7$~SHL$OSPACE$ROPI$EBA8$MICROLIB$REQ8$PRES8$EABIv2 0x00000000   Number         0  anon$$obj.o ABSOLUTE
    __ARM_use_no_argv                        0x00000000   Number         0  main.o ABSOLUTE
    _printf_a                                0x00000000   Number         0  stubs.o ABSOLUTE
    _printf_c                                0x00000000   Number         0  stubs.o ABSOLUTE
    _printf_charcount                        0x00000000   Number         0  stubs.o ABSOLUTE
    _printf_d                                0x00000000   Number         0  stubs.o ABSOLUTE
    _printf_e                                0x00000000   Number         0  stubs.o ABSOLUTE
    _printf_f                                0x00000000   Number         0  stubs.o ABSOLUTE
    _printf_flags                            0x00000000   Number         0  stubs.o ABSOLUTE
    _printf_fp_dec                           0x00000000   Number         0  stubs.o ABSOLUTE
    _printf_fp_hex                           0x00000000   Number         0  stubs.o ABSOLUTE
    _printf_g                                0x00000000   Number         0  stubs.o ABSOLUTE
    _printf_i                                0x00000000   Number         0  stubs.o ABSOLUTE
    _printf_int_dec                          0x00000000   Number         0  stubs.o ABSOLUTE
    _printf_l                                0x00000000   Number         0  stubs.o ABSOLUTE
    _printf_lc                               0x00000000   Number         0  stubs.o ABSOLUTE
    _printf_ll                               0x00000000   Number         0  stubs.o ABSOLUTE
    _printf_lld                              0x00000000   Number         0  stubs.o ABSOLUTE
    _printf_lli                              0x00000000   Number         0  stubs.o ABSOLUTE
    _printf_llo                              0x00000000   Number         0  stubs.o ABSOLUTE
    _printf_llu                              0x00000000   Number         0  stubs.o ABSOLUTE
    _printf_llx                              0x00000000   Number         0  stubs.o ABSOLUTE
    _printf_longlong_dec                     0x00000000   Number         0  stubs.o ABSOLUTE
    _printf_longlong_hex                     0x00000000   Number         0  stubs.o ABSOLUTE
    _printf_longlong_oct                     0x00000000   Number         0  stubs.o ABSOLUTE
    _printf_ls                               0x00000000   Number         0  stubs.o ABSOLUTE
    _printf_mbtowc                           0x00000000   Number         0  stubs.o ABSOLUTE
    _printf_n                                0x00000000   Number         0  stubs.o ABSOLUTE
    _printf_o                                0x00000000   Number         0  stubs.o ABSOLUTE
    _printf_p                                0x00000000   Number         0  stubs.o ABSOLUTE
    _printf_percent                          0x00000000   Number         0  stubs.o ABSOLUTE
    _printf_pre_padding                      0x00000000   Number         0  stubs.o ABSOLUTE
    _printf_return_value                     0x00000000   Number         0  stubs.o ABSOLUTE
    _printf_s                                0x00000000   Number         0  stubs.o ABSOLUTE
    _printf_sizespec                         0x00000000   Number         0  stubs.o ABSOLUTE
    _printf_str                              0x00000000   Number         0  stubs.o ABSOLUTE
    _printf_truncate_signed                  0x00000000   Number         0  stubs.o ABSOLUTE
    _printf_truncate_unsigned                0x00000000   Number         0  stubs.o ABSOLUTE
    _printf_u                                0x00000000   Number         0  stubs.o ABSOLUTE
    _printf_wc                               0x00000000   Number         0  stubs.o ABSOLUTE
    _printf_wctomb                           0x00000000   Number         0  stubs.o ABSOLUTE
    _printf_widthprec                        0x00000000   Number         0  stubs.o ABSOLUTE
    _printf_x                                0x00000000   Number         0  stubs.o ABSOLUTE
    __cpp_initialize__aeabi_                  - Undefined Weak Reference
    __cxa_finalize                            - Undefined Weak Reference
    __decompress                              - Undefined Weak Reference
    _clock_init                               - Undefined Weak Reference
    _microlib_exit                            - Undefined Weak Reference
    __Vectors_Size                           0x00000188   Number         0  startup_stm32f407xx.o ABSOLUTE
    __Vectors                                0x08000000   Data           4  startup_stm32f407xx.o(RESET)
    __Vectors_End                            0x08000188   Data           0  startup_stm32f407xx.o(RESET)
    __main                                   0x08000189   Thumb Code     0  entry.o(.ARM.Collect$$$$00000000)
    _main_stk                                0x08000189   Thumb Code     0  entry2.o(.ARM.Collect$$$$00000001)
    _main_scatterload                        0x0800018d   Thumb Code     0  entry5.o(.ARM.Collect$$$$00000004)
    __main_after_scatterload                 0x08000191   Thumb Code     0  entry5.o(.ARM.Collect$$$$00000004)
    _main_clock                              0x08000191   Thumb Code     0  entry7b.o(.ARM.Collect$$$$00000008)
    _main_cpp_init                           0x08000191   Thumb Code     0  entry8b.o(.ARM.Collect$$$$0000000A)
    _main_init                               0x08000191   Thumb Code     0  entry9a.o(.ARM.Collect$$$$0000000B)
    __rt_final_cpp                           0x08000199   Thumb Code     0  entry10a.o(.ARM.Collect$$$$0000000D)
    __rt_final_exit                          0x08000199   Thumb Code     0  entry11a.o(.ARM.Collect$$$$0000000F)
    Reset_Handler                            0x0800019d   Thumb Code     8  startup_stm32f407xx.o(.text)
    ADC_IRQHandler                           0x080001b7   Thumb Code     0  startup_stm32f407xx.o(.text)
    CAN1_RX0_IRQHandler                      0x080001b7   Thumb Code     0  startup_stm32f407xx.o(.text)
    CAN1_RX1_IRQHandler                      0x080001b7   Thumb Code     0  startup_stm32f407xx.o(.text)
    CAN1_SCE_IRQHandler                      0x080001b7   Thumb Code     0  startup_stm32f407xx.o(.text)
    CAN1_TX_IRQHandler                       0x080001b7   Thumb Code     0  startup_stm32f407xx.o(.text)
    CAN2_RX0_IRQHandler                      0x080001b7   Thumb Code     0  startup_stm32f407xx.o(.text)
    CAN2_RX1_IRQHandler                      0x080001b7   Thumb Code     0  startup_stm32f407xx.o(.text)
    CAN2_SCE_IRQHandler                      0x080001b7   Thumb Code     0  startup_stm32f407xx.o(.text)
    CAN2_TX_IRQHandler                       0x080001b7   Thumb Code     0  startup_stm32f407xx.o(.text)
    DCMI_IRQHandler                          0x080001b7   Thumb Code     0  startup_stm32f407xx.o(.text)
    DMA1_Stream0_IRQHandler                  0x080001b7   Thumb Code     0  startup_stm32f407xx.o(.text)
    DMA1_Stream1_IRQHandler                  0x080001b7   Thumb Code     0  startup_stm32f407xx.o(.text)
    DMA1_Stream2_IRQHandler                  0x080001b7   Thumb Code     0  startup_stm32f407xx.o(.text)
    DMA1_Stream3_IRQHandler                  0x080001b7   Thumb Code     0  startup_stm32f407xx.o(.text)
    DMA1_Stream4_IRQHandler                  0x080001b7   Thumb Code     0  startup_stm32f407xx.o(.text)
    DMA1_Stream5_IRQHandler                  0x080001b7   Thumb Code     0  startup_stm32f407xx.o(.text)
    DMA1_Stream6_IRQHandler                  0x080001b7   Thumb Code     0  startup_stm32f407xx.o(.text)
    DMA1_Stream7_IRQHandler                  0x080001b7   Thumb Code     0  startup_stm32f407xx.o(.text)
    DMA2_Stream0_IRQHandler                  0x080001b7   Thumb Code     0  startup_stm32f407xx.o(.text)
    DMA2_Stream1_IRQHandler                  0x080001b7   Thumb Code     0  startup_stm32f407xx.o(.text)
    DMA2_Stream2_IRQHandler                  0x080001b7   Thumb Code     0  startup_stm32f407xx.o(.text)
    DMA2_Stream3_IRQHandler                  0x080001b7   Thumb Code     0  startup_stm32f407xx.o(.text)
    DMA2_Stream4_IRQHandler                  0x080001b7   Thumb Code     0  startup_stm32f407xx.o(.text)
    DMA2_Stream5_IRQHandler                  0x080001b7   Thumb Code     0  startup_stm32f407xx.o(.text)
    DMA2_Stream6_IRQHandler                  0x080001b7   Thumb Code     0  startup_stm32f407xx.o(.text)
    DMA2_Stream7_IRQHandler                  0x080001b7   Thumb Code     0  startup_stm32f407xx.o(.text)
    ETH_IRQHandler                           0x080001b7   Thumb Code     0  startup_stm32f407xx.o(.text)
    ETH_WKUP_IRQHandler                      0x080001b7   Thumb Code     0  startup_stm32f407xx.o(.text)
    EXTI0_IRQHandler                         0x080001b7   Thumb Code     0  startup_stm32f407xx.o(.text)
    EXTI1_IRQHandler                         0x080001b7   Thumb Code     0  startup_stm32f407xx.o(.text)
    EXTI2_IRQHandler                         0x080001b7   Thumb Code     0  startup_stm32f407xx.o(.text)
    EXTI3_IRQHandler                         0x080001b7   Thumb Code     0  startup_stm32f407xx.o(.text)
    EXTI4_IRQHandler                         0x080001b7   Thumb Code     0  startup_stm32f407xx.o(.text)
    EXTI9_5_IRQHandler                       0x080001b7   Thumb Code     0  startup_stm32f407xx.o(.text)
    FLASH_IRQHandler                         0x080001b7   Thumb Code     0  startup_stm32f407xx.o(.text)
    FMC_IRQHandler                           0x080001b7   Thumb Code     0  startup_stm32f407xx.o(.text)
    FPU_IRQHandler                           0x080001b7   Thumb Code     0  startup_stm32f407xx.o(.text)
    HASH_RNG_IRQHandler                      0x080001b7   Thumb Code     0  startup_stm32f407xx.o(.text)
    I2C1_ER_IRQHandler                       0x080001b7   Thumb Code     0  startup_stm32f407xx.o(.text)
    I2C1_EV_IRQHandler                       0x080001b7   Thumb Code     0  startup_stm32f407xx.o(.text)
    I2C2_ER_IRQHandler                       0x080001b7   Thumb Code     0  startup_stm32f407xx.o(.text)
    I2C2_EV_IRQHandler                       0x080001b7   Thumb Code     0  startup_stm32f407xx.o(.text)
    I2C3_ER_IRQHandler                       0x080001b7   Thumb Code     0  startup_stm32f407xx.o(.text)
    I2C3_EV_IRQHandler                       0x080001b7   Thumb Code     0  startup_stm32f407xx.o(.text)
    OTG_FS_IRQHandler                        0x080001b7   Thumb Code     0  startup_stm32f407xx.o(.text)
    OTG_FS_WKUP_IRQHandler                   0x080001b7   Thumb Code     0  startup_stm32f407xx.o(.text)
    OTG_HS_EP1_IN_IRQHandler                 0x080001b7   Thumb Code     0  startup_stm32f407xx.o(.text)
    OTG_HS_EP1_OUT_IRQHandler                0x080001b7   Thumb Code     0  startup_stm32f407xx.o(.text)
    OTG_HS_IRQHandler                        0x080001b7   Thumb Code     0  startup_stm32f407xx.o(.text)
    OTG_HS_WKUP_IRQHandler                   0x080001b7   Thumb Code     0  startup_stm32f407xx.o(.text)
    PVD_IRQHandler                           0x080001b7   Thumb Code     0  startup_stm32f407xx.o(.text)
    RCC_IRQHandler                           0x080001b7   Thumb Code     0  startup_stm32f407xx.o(.text)
    RTC_Alarm_IRQHandler                     0x080001b7   Thumb Code     0  startup_stm32f407xx.o(.text)
    RTC_WKUP_IRQHandler                      0x080001b7   Thumb Code     0  startup_stm32f407xx.o(.text)
    SDIO_IRQHandler                          0x080001b7   Thumb Code     0  startup_stm32f407xx.o(.text)
    SPI1_IRQHandler                          0x080001b7   Thumb Code     0  startup_stm32f407xx.o(.text)
    SPI2_IRQHandler                          0x080001b7   Thumb Code     0  startup_stm32f407xx.o(.text)
    SPI3_IRQHandler                          0x080001b7   Thumb Code     0  startup_stm32f407xx.o(.text)
    TAMP_STAMP_IRQHandler                    0x080001b7   Thumb Code     0  startup_stm32f407xx.o(.text)
    TIM1_BRK_TIM9_IRQHandler                 0x080001b7   Thumb Code     0  startup_stm32f407xx.o(.text)
    TIM1_CC_IRQHandler                       0x080001b7   Thumb Code     0  startup_stm32f407xx.o(.text)
    TIM1_TRG_COM_TIM11_IRQHandler            0x080001b7   Thumb Code     0  startup_stm32f407xx.o(.text)
    TIM1_UP_TIM10_IRQHandler                 0x080001b7   Thumb Code     0  startup_stm32f407xx.o(.text)
    TIM2_IRQHandler                          0x080001b7   Thumb Code     0  startup_stm32f407xx.o(.text)
    TIM4_IRQHandler                          0x080001b7   Thumb Code     0  startup_stm32f407xx.o(.text)
    TIM5_IRQHandler                          0x080001b7   Thumb Code     0  startup_stm32f407xx.o(.text)
    TIM6_DAC_IRQHandler                      0x080001b7   Thumb Code     0  startup_stm32f407xx.o(.text)
    TIM7_IRQHandler                          0x080001b7   Thumb Code     0  startup_stm32f407xx.o(.text)
    TIM8_BRK_TIM12_IRQHandler                0x080001b7   Thumb Code     0  startup_stm32f407xx.o(.text)
    TIM8_CC_IRQHandler                       0x080001b7   Thumb Code     0  startup_stm32f407xx.o(.text)
    TIM8_TRG_COM_TIM14_IRQHandler            0x080001b7   Thumb Code     0  startup_stm32f407xx.o(.text)
    TIM8_UP_TIM13_IRQHandler                 0x080001b7   Thumb Code     0  startup_stm32f407xx.o(.text)
    UART4_IRQHandler                         0x080001b7   Thumb Code     0  startup_stm32f407xx.o(.text)
    UART5_IRQHandler                         0x080001b7   Thumb Code     0  startup_stm32f407xx.o(.text)
    USART1_IRQHandler                        0x080001b7   Thumb Code     0  startup_stm32f407xx.o(.text)
    USART2_IRQHandler                        0x080001b7   Thumb Code     0  startup_stm32f407xx.o(.text)
    USART3_IRQHandler                        0x080001b7   Thumb Code     0  startup_stm32f407xx.o(.text)
    USART6_IRQHandler                        0x080001b7   Thumb Code     0  startup_stm32f407xx.o(.text)
    WWDG_IRQHandler                          0x080001b7   Thumb Code     0  startup_stm32f407xx.o(.text)
    rand                                     0x080001c1   Thumb Code    20  rand.o(.text)
    srand                                    0x080001d5   Thumb Code     6  rand.o(.text)
    __aeabi_memcpy                           0x080001e5   Thumb Code    36  memcpya.o(.text)
    __aeabi_memcpy4                          0x080001e5   Thumb Code     0  memcpya.o(.text)
    __aeabi_memcpy8                          0x080001e5   Thumb Code     0  memcpya.o(.text)
    __aeabi_memset                           0x08000209   Thumb Code    14  memseta.o(.text)
    __aeabi_memset4                          0x08000209   Thumb Code     0  memseta.o(.text)
    __aeabi_memset8                          0x08000209   Thumb Code     0  memseta.o(.text)
    __aeabi_memclr                           0x08000217   Thumb Code     4  memseta.o(.text)
    __aeabi_memclr4                          0x08000217   Thumb Code     0  memseta.o(.text)
    __aeabi_memclr8                          0x08000217   Thumb Code     0  memseta.o(.text)
    _memset$wrapper                          0x0800021b   Thumb Code    18  memseta.o(.text)
    strlen                                   0x0800022d   Thumb Code    14  strlen.o(.text)
    memcmp                                   0x0800023b   Thumb Code    26  memcmp.o(.text)
    __aeabi_uidiv                            0x08000255   Thumb Code     0  uidiv.o(.text)
    __aeabi_uidivmod                         0x08000255   Thumb Code    44  uidiv.o(.text)
    __scatterload                            0x08000281   Thumb Code    28  init.o(.text)
    __scatterload_rt2                        0x08000281   Thumb Code     0  init.o(.text)
    BSP_LED_Init                             0x080004c1   Thumb Code   104  stm324xg_eval.o(i.BSP_LED_Init)
    BSP_LED_Off                              0x08000535   Thumb Code    24  stm324xg_eval.o(i.BSP_LED_Off)
    BSP_LED_On                               0x08000555   Thumb Code    24  stm324xg_eval.o(i.BSP_LED_On)
    BSP_LED_Toggle                           0x08000575   Thumb Code    22  stm324xg_eval.o(i.BSP_LED_Toggle)
    BSP_PB_Init                              0x08000595   Thumb Code   162  stm324xg_eval.o(i.BSP_PB_Init)
    BusFault_Handler                         0x08000651   Thumb Code     4  stm32f4xx_it.o(i.BusFault_Handler)
    DebugMon_Handler                         0x08000655   Thumb Code     2  stm32f4xx_it.o(i.DebugMon_Handler)
    EXTI15_10_IRQHandler                     0x08000a71   Thumb Code    20  stm32f4xx_it.o(i.EXTI15_10_IRQHandler)
    HAL_ADC_ConfigChannel                    0x08000aa1   Thumb Code   340  stm32f4xx_hal_adc.o(i.HAL_ADC_ConfigChannel)
    HAL_ADC_Init                             0x08000bfd   Thumb Code    58  stm32f4xx_hal_adc.o(i.HAL_ADC_Init)
    HAL_ADC_MspInit                          0x08000c37   Thumb Code     2  stm32f4xx_hal_adc.o(i.HAL_ADC_MspInit)
    HAL_Delay                                0x08000c39   Thumb Code    26  stm32f4xx_hal.o(i.HAL_Delay)
    HAL_ETH_ConfigMAC                        0x08000c55   Thumb Code   314  stm32f4xx_hal_eth.o(i.HAL_ETH_ConfigMAC)
    HAL_ETH_DMARxDescListInit                0x08000d95   Thumb Code   140  stm32f4xx_hal_eth.o(i.HAL_ETH_DMARxDescListInit)
    HAL_ETH_DMATxDescListInit                0x08000e21   Thumb Code   132  stm32f4xx_hal_eth.o(i.HAL_ETH_DMATxDescListInit)
    HAL_ETH_GetReceivedFrame                 0x08000ea5   Thumb Code   178  stm32f4xx_hal_eth.o(i.HAL_ETH_GetReceivedFrame)
    HAL_ETH_Init                             0x08000f59   Thumb Code   574  stm32f4xx_hal_eth.o(i.HAL_ETH_Init)
    HAL_ETH_MspInit                          0x080011b5   Thumb Code   228  ethernetif.o(i.HAL_ETH_MspInit)
    HAL_ETH_ReadPHYRegister                  0x080012b5   Thumb Code   146  stm32f4xx_hal_eth.o(i.HAL_ETH_ReadPHYRegister)
    HAL_ETH_Start                            0x08001347   Thumb Code    82  stm32f4xx_hal_eth.o(i.HAL_ETH_Start)
    HAL_ETH_Stop                             0x08001399   Thumb Code    82  stm32f4xx_hal_eth.o(i.HAL_ETH_Stop)
    HAL_ETH_TransmitFrame                    0x080013eb   Thumb Code   318  stm32f4xx_hal_eth.o(i.HAL_ETH_TransmitFrame)
    HAL_ETH_WritePHYRegister                 0x08001529   Thumb Code   144  stm32f4xx_hal_eth.o(i.HAL_ETH_WritePHYRegister)
    HAL_GPIO_EXTI_Callback                   0x080015b9   Thumb Code    36  main.o(i.HAL_GPIO_EXTI_Callback)
    HAL_GPIO_EXTI_IRQHandler                 0x080015e1   Thumb Code    24  stm32f4xx_hal_gpio.o(i.HAL_GPIO_EXTI_IRQHandler)
    HAL_GPIO_Init                            0x080015fd   Thumb Code   466  stm32f4xx_hal_gpio.o(i.HAL_GPIO_Init)
    HAL_GPIO_TogglePin                       0x08001805   Thumb Code     8  stm32f4xx_hal_gpio.o(i.HAL_GPIO_TogglePin)
    HAL_GPIO_WritePin                        0x0800180d   Thumb Code    10  stm32f4xx_hal_gpio.o(i.HAL_GPIO_WritePin)
    HAL_GetTick                              0x08001819   Thumb Code     6  stm32f4xx_hal.o(i.HAL_GetTick)
    HAL_IncTick                              0x08001825   Thumb Code    12  stm32f4xx_hal.o(i.HAL_IncTick)
    HAL_Init                                 0x08001835   Thumb Code    54  stm32f4xx_hal.o(i.HAL_Init)
    HAL_InitTick                             0x08001871   Thumb Code    36  stm32f4xx_hal.o(i.HAL_InitTick)
    HAL_MspInit                              0x08001895   Thumb Code     2  stm32f4xx_hal_msp.o(i.HAL_MspInit)
    HAL_NVIC_EnableIRQ                       0x08001897   Thumb Code    26  stm32f4xx_hal_cortex.o(i.HAL_NVIC_EnableIRQ)
    HAL_NVIC_SetPriority                     0x080018b1   Thumb Code   124  stm32f4xx_hal_cortex.o(i.HAL_NVIC_SetPriority)
    HAL_NVIC_SetPriorityGrouping             0x0800192d   Thumb Code    32  stm32f4xx_hal_cortex.o(i.HAL_NVIC_SetPriorityGrouping)
    HAL_RCC_ClockConfig                      0x08001955   Thumb Code   588  stm32f4xx_hal_rcc.o(i.HAL_RCC_ClockConfig)
    HAL_RCC_GetHCLKFreq                      0x08001ba9   Thumb Code    42  stm32f4xx_hal_rcc.o(i.HAL_RCC_GetHCLKFreq)
    HAL_RCC_GetSysClockFreq                  0x08001be1   Thumb Code   182  stm32f4xx_hal_rcc.o(i.HAL_RCC_GetSysClockFreq)
    HAL_RCC_MCOConfig                        0x08001ca5   Thumb Code   138  stm32f4xx_hal_rcc.o(i.HAL_RCC_MCOConfig)
    HAL_RCC_OscConfig                        0x08001d3d   Thumb Code  1002  stm32f4xx_hal_rcc.o(i.HAL_RCC_OscConfig)
    HAL_SYSTICK_Config                       0x08002139   Thumb Code    52  stm32f4xx_hal_cortex.o(i.HAL_SYSTICK_Config)
    HAL_TIMEx_BreakCallback                  0x0800216d   Thumb Code     2  stm32f4xx_hal_tim_ex.o(i.HAL_TIMEx_BreakCallback)
    HAL_TIMEx_CommutationCallback            0x0800216f   Thumb Code     2  stm32f4xx_hal_tim_ex.o(i.HAL_TIMEx_CommutationCallback)
    HAL_TIM_IC_CaptureCallback               0x08002171   Thumb Code     2  stm32f4xx_hal_tim.o(i.HAL_TIM_IC_CaptureCallback)
    HAL_TIM_IRQHandler                       0x08002173   Thumb Code   406  stm32f4xx_hal_tim.o(i.HAL_TIM_IRQHandler)
    HAL_TIM_OC_ConfigChannel                 0x08002309   Thumb Code   116  stm32f4xx_hal_tim.o(i.HAL_TIM_OC_ConfigChannel)
    HAL_TIM_OC_DelayElapsedCallback          0x0800237d   Thumb Code    34  main.o(i.HAL_TIM_OC_DelayElapsedCallback)
    HAL_TIM_OC_Init                          0x0800239f   Thumb Code    46  stm32f4xx_hal_tim.o(i.HAL_TIM_OC_Init)
    HAL_TIM_OC_MspInit                       0x080023cd   Thumb Code    82  stm32f4xx_hal_msp.o(i.HAL_TIM_OC_MspInit)
    HAL_TIM_OC_Start_IT                      0x08002429   Thumb Code   144  stm32f4xx_hal_tim.o(i.HAL_TIM_OC_Start_IT)
    HAL_TIM_PWM_PulseFinishedCallback        0x080024c1   Thumb Code     2  stm32f4xx_hal_tim.o(i.HAL_TIM_PWM_PulseFinishedCallback)
    HAL_TIM_PeriodElapsedCallback            0x080024c3   Thumb Code     2  stm32f4xx_hal_tim.o(i.HAL_TIM_PeriodElapsedCallback)
    HAL_TIM_TriggerCallback                  0x080024c5   Thumb Code     2  stm32f4xx_hal_tim.o(i.HAL_TIM_TriggerCallback)
    HardFault_Handler                        0x080024c7   Thumb Code     4  stm32f4xx_it.o(i.HardFault_Handler)
    MemManage_Handler                        0x080024cb   Thumb Code     4  stm32f4xx_it.o(i.MemManage_Handler)
    NMI_Handler                              0x080024cf   Thumb Code     2  stm32f4xx_it.o(i.NMI_Handler)
    PendSV_Handler                           0x08002509   Thumb Code     2  stm32f4xx_it.o(i.PendSV_Handler)
    SVC_Handler                              0x0800250b   Thumb Code     2  stm32f4xx_it.o(i.SVC_Handler)
    SysTick_Handler                          0x0800250d   Thumb Code     8  stm32f4xx_it.o(i.SysTick_Handler)
    SystemInit                               0x08002591   Thumb Code    82  system_stm32f4xx.o(i.SystemInit)
    TIM3_IRQHandler                          0x080025f5   Thumb Code    10  stm32f4xx_it.o(i.TIM3_IRQHandler)
    TIM_Base_SetConfig                       0x08002605   Thumb Code   184  stm32f4xx_hal_tim.o(i.TIM_Base_SetConfig)
    TIM_CCxChannelCmd                        0x080026e9   Thumb Code    28  stm32f4xx_hal_tim.o(i.TIM_CCxChannelCmd)
    TIM_OC2_SetConfig                        0x08002775   Thumb Code   112  stm32f4xx_hal_tim.o(i.TIM_OC2_SetConfig)
    UsageFault_Handler                       0x080028c5   Thumb Code     4  stm32f4xx_it.o(i.UsageFault_Handler)
    User_notification                        0x080028c9   Thumb Code    30  app_ethernet.o(i.User_notification)
    __0sprintf$3                             0x080028e9   Thumb Code    34  printf3.o(i.__0sprintf$3)
    __1sprintf$3                             0x080028e9   Thumb Code     0  printf3.o(i.__0sprintf$3)
    __2sprintf                               0x080028e9   Thumb Code     0  printf3.o(i.__0sprintf$3)
    __scatterload_copy                       0x08002911   Thumb Code    14  handlers.o(i.__scatterload_copy)
    __scatterload_null                       0x0800291f   Thumb Code     2  handlers.o(i.__scatterload_null)
    __scatterload_zeroinit                   0x08002921   Thumb Code    14  handlers.o(i.__scatterload_zeroinit)
    concentrator_init                        0x08002b15   Thumb Code    56  concentrator.o(i.concentrator_init)
    concentrator_ping                        0x08002b59   Thumb Code    70  concentrator.o(i.concentrator_ping)
    concentrator_send                        0x08002bc1   Thumb Code    92  concentrator.o(i.concentrator_send)
    dhcp_arp_reply                           0x08002c49   Thumb Code    58  dhcp.o(i.dhcp_arp_reply)
    dhcp_coarse_tmr                          0x08002dcd   Thumb Code    74  dhcp.o(i.dhcp_coarse_tmr)
    dhcp_fine_tmr                            0x0800310d   Thumb Code    68  dhcp.o(i.dhcp_fine_tmr)
    dhcp_network_changed                     0x08003155   Thumb Code    80  dhcp.o(i.dhcp_network_changed)
    dhcp_release                             0x080033d1   Thumb Code   178  dhcp.o(i.dhcp_release)
    dhcp_renew                               0x08003489   Thumb Code   150  dhcp.o(i.dhcp_renew)
    etharp_cleanup_netif                     0x080038bd   Thumb Code    52  etharp.o(i.etharp_cleanup_netif)
    etharp_output                            0x08003ae9   Thumb Code   318  etharp.o(i.etharp_output)
    etharp_query                             0x08003ca1   Thumb Code   362  etharp.o(i.etharp_query)
    etharp_request                           0x08003ed1   Thumb Code    40  etharp.o(i.etharp_request)
    etharp_tmr                               0x08003f3d   Thumb Code   144  etharp.o(i.etharp_tmr)
    ethernet_input                           0x08004095   Thumb Code   182  etharp.o(i.ethernet_input)
    ethernetif_init                          0x08004151   Thumb Code    38  ethernetif.o(i.ethernetif_init)
    ethernetif_input                         0x08004181   Thumb Code    44  ethernetif.o(i.ethernetif_input)
    ethernetif_notify_conn_changed           0x080041ad   Thumb Code    80  app_ethernet.o(i.ethernetif_notify_conn_changed)
    ethernetif_set_link                      0x08004205   Thumb Code    60  ethernetif.o(i.ethernetif_set_link)
    ethernetif_update_config                 0x08004245   Thumb Code   206  ethernetif.o(i.ethernetif_update_config)
    icmp_dest_unreach                        0x08004319   Thumb Code    18  icmp.o(i.icmp_dest_unreach)
    icmp_input                               0x0800432d   Thumb Code   380  icmp.o(i.icmp_input)
    icmp_time_exceeded                       0x08004539   Thumb Code    18  icmp.o(i.icmp_time_exceeded)
    inet_chksum                              0x0800454b   Thumb Code    20  inet_chksum.o(i.inet_chksum)
    inet_chksum_pbuf                         0x0800455f   Thumb Code    86  inet_chksum.o(i.inet_chksum_pbuf)
    ip4_addr_isbroadcast                     0x080045b5   Thumb Code    78  ip_addr.o(i.ip4_addr_isbroadcast)
    ip_frag                                  0x08004605   Thumb Code   424  ip_frag.o(i.ip_frag)
    ip_input                                 0x080047cd   Thumb Code   484  ip.o(i.ip_input)
    ip_output                                0x080049c5   Thumb Code    60  ip.o(i.ip_output)
    ip_output_if                             0x08004a01   Thumb Code   204  ip.o(i.ip_output_if)
    ip_reass                                 0x08004ad1   Thumb Code   410  ip_frag.o(i.ip_reass)
    ip_reass_tmr                             0x08004f99   Thumb Code    56  ip_frag.o(i.ip_reass_tmr)
    ip_route                                 0x08004fd5   Thumb Code    80  ip.o(i.ip_route)
    lwip_htonl                               0x08005321   Thumb Code    26  def.o(i.lwip_htonl)
    lwip_htons                               0x0800533b   Thumb Code    12  def.o(i.lwip_htons)
    lwip_init                                0x08005347   Thumb Code    28  init.o(i.lwip_init)
    lwip_ntohl                               0x08005363   Thumb Code    12  def.o(i.lwip_ntohl)
    lwip_ntohs                               0x0800536f   Thumb Code    12  def.o(i.lwip_ntohs)
    main                                     0x080053d9   Thumb Code   178  main.o(i.main)
    mem_free                                 0x080054ad   Thumb Code    76  mem.o(i.mem_free)
    mem_init                                 0x08005505   Thumb Code    74  mem.o(i.mem_init)
    mem_malloc                               0x08005561   Thumb Code   226  mem.o(i.mem_malloc)
    mem_trim                                 0x08005651   Thumb Code   292  mem.o(i.mem_trim)
    memp_free                                0x08005781   Thumb Code    28  memp.o(i.memp_free)
    memp_init                                0x080057a1   Thumb Code    82  memp.o(i.memp_init)
    memp_malloc                              0x08005805   Thumb Code    44  memp.o(i.memp_malloc)
    netif_add                                0x08005835   Thumb Code   132  netif.o(i.netif_add)
    netif_init                               0x080058c1   Thumb Code     2  netif.o(i.netif_init)
    netif_set_addr                           0x080058c3   Thumb Code    40  netif.o(i.netif_set_addr)
    netif_set_default                        0x080058ed   Thumb Code    10  netif.o(i.netif_set_default)
    netif_set_down                           0x080058fd   Thumb Code    42  netif.o(i.netif_set_down)
    netif_set_gw                             0x08005927   Thumb Code    16  netif.o(i.netif_set_gw)
    netif_set_ipaddr                         0x08005939   Thumb Code   124  netif.o(i.netif_set_ipaddr)
    netif_set_link_callback                  0x080059bd   Thumb Code     6  netif.o(i.netif_set_link_callback)
    netif_set_link_down                      0x080059c3   Thumb Code    42  netif.o(i.netif_set_link_down)
    netif_set_link_up                        0x080059ed   Thumb Code    80  netif.o(i.netif_set_link_up)
    netif_set_netmask                        0x08005a3d   Thumb Code    16  netif.o(i.netif_set_netmask)
    netif_set_up                             0x08005a4d   Thumb Code    54  netif.o(i.netif_set_up)
    pbuf_alloc                               0x08005a83   Thumb Code   418  pbuf.o(i.pbuf_alloc)
    pbuf_alloced_custom                      0x08005c25   Thumb Code   116  pbuf.o(i.pbuf_alloced_custom)
    pbuf_cat                                 0x08005c99   Thumb Code    56  pbuf.o(i.pbuf_cat)
    pbuf_chain                               0x08005cd1   Thumb Code    26  pbuf.o(i.pbuf_chain)
    pbuf_clen                                0x08005ceb   Thumb Code    18  pbuf.o(i.pbuf_clen)
    pbuf_copy                                0x08005cfd   Thumb Code   200  pbuf.o(i.pbuf_copy)
    pbuf_copy_partial                        0x08005dc5   Thumb Code   146  pbuf.o(i.pbuf_copy_partial)
    pbuf_free                                0x08005e57   Thumb Code   150  pbuf.o(i.pbuf_free)
    pbuf_header                              0x08005eed   Thumb Code   134  pbuf.o(i.pbuf_header)
    pbuf_realloc                             0x08005f73   Thumb Code   120  pbuf.o(i.pbuf_realloc)
    pbuf_ref                                 0x08005feb   Thumb Code    10  pbuf.o(i.pbuf_ref)
    pbuf_take                                0x08005ff5   Thumb Code   116  pbuf.o(i.pbuf_take)
    raw_input                                0x080060f1   Thumb Code   102  raw.o(i.raw_input)
    sys_check_timeouts                       0x08006165   Thumb Code    92  lwip_timers.o(i.sys_check_timeouts)
    sys_now                                  0x080061c9   Thumb Code     8  ethernetif.o(i.sys_now)
    sys_timeout                              0x080061d1   Thumb Code   152  lwip_timers.o(i.sys_timeout)
    sys_timeouts_init                        0x0800626d   Thumb Code    60  lwip_timers.o(i.sys_timeouts_init)
    tcp_abandon                              0x080062bd   Thumb Code   140  tcp.o(i.tcp_abandon)
    tcp_abort                                0x08006355   Thumb Code    14  tcp.o(i.tcp_abort)
    tcp_alloc                                0x08006365   Thumb Code   180  tcp.o(i.tcp_alloc)
    tcp_close                                0x08006429   Thumb Code    28  tcp.o(i.tcp_close)
    tcp_eff_send_mss                         0x080066c5   Thumb Code    46  tcp.o(i.tcp_eff_send_mss)
    tcp_enqueue_flags                        0x080066f3   Thumb Code   294  tcp_out.o(i.tcp_enqueue_flags)
    tcp_fasttmr                              0x08006819   Thumb Code   114  tcp.o(i.tcp_fasttmr)
    tcp_init                                 0x08006899   Thumb Code     2  tcp.o(i.tcp_init)
    tcp_input                                0x0800689d   Thumb Code  1152  tcp_in.o(i.tcp_input)
    tcp_keepalive                            0x08006d35   Thumb Code    78  tcp_out.o(i.tcp_keepalive)
    tcp_next_iss                             0x08006f59   Thumb Code    20  tcp.o(i.tcp_next_iss)
    tcp_output                               0x08006f75   Thumb Code   444  tcp_out.o(i.tcp_output)
    tcp_pcb_purge                            0x08007355   Thumb Code    88  tcp.o(i.tcp_pcb_purge)
    tcp_pcb_remove                           0x080073ad   Thumb Code   140  tcp.o(i.tcp_pcb_remove)
    tcp_process_refused_data                 0x080079f5   Thumb Code   148  tcp.o(i.tcp_process_refused_data)
    tcp_recv_null                            0x08008101   Thumb Code    46  tcp.o(i.tcp_recv_null)
    tcp_recved                               0x0800812f   Thumb Code    74  tcp.o(i.tcp_recved)
    tcp_rexmit                               0x08008179   Thumb Code    90  tcp_out.o(i.tcp_rexmit)
    tcp_rexmit_fast                          0x080081d3   Thumb Code   120  tcp_out.o(i.tcp_rexmit_fast)
    tcp_rexmit_rto                           0x0800824b   Thumb Code    58  tcp_out.o(i.tcp_rexmit_rto)
    tcp_rst                                  0x08008285   Thumb Code   132  tcp_out.o(i.tcp_rst)
    tcp_seg_free                             0x08008309   Thumb Code    26  tcp.o(i.tcp_seg_free)
    tcp_segs_free                            0x08008323   Thumb Code    24  tcp.o(i.tcp_segs_free)
    tcp_send_empty_ack                       0x0800833b   Thumb Code    84  tcp_out.o(i.tcp_send_empty_ack)
    tcp_send_fin                             0x0800838f   Thumb Code    74  tcp_out.o(i.tcp_send_fin)
    tcp_slowtmr                              0x080083d9   Thumb Code   832  tcp.o(i.tcp_slowtmr)
    tcp_timer_needed                         0x08008739   Thumb Code    38  lwip_timers.o(i.tcp_timer_needed)
    tcp_tmr                                  0x0800881d   Thumb Code    30  tcp.o(i.tcp_tmr)
    tcp_update_rcv_ann_wnd                   0x08008841   Thumb Code    78  tcp.o(i.tcp_update_rcv_ann_wnd)
    tcp_zero_window_probe                    0x0800888f   Thumb Code   180  tcp_out.o(i.tcp_zero_window_probe)
    udp_bind                                 0x0800897d   Thumb Code   146  udp.o(i.udp_bind)
    udp_connect                              0x08008a15   Thumb Code    98  udp.o(i.udp_connect)
    udp_init                                 0x08008a7d   Thumb Code     2  udp.o(i.udp_init)
    udp_input                                0x08008a81   Thumb Code   470  udp.o(i.udp_input)
    udp_new                                  0x08008c65   Thumb Code    28  udp.o(i.udp_new)
    udp_receive_callback                     0x08008cd9   Thumb Code    30  concentrator.o(i.udp_receive_callback)
    udp_recv                                 0x08008cf7   Thumb Code     6  udp.o(i.udp_recv)
    udp_send                                 0x08008cfd   Thumb Code    20  udp.o(i.udp_send)
    udp_sendto                               0x08008d11   Thumb Code    54  udp.o(i.udp_sendto)
    udp_sendto_if                            0x08008d47   Thumb Code   240  udp.o(i.udp_sendto_if)
    GPIO_PIN                                 0x08008e36   Data           8  stm324xg_eval.o(.constdata)
    BUTTON_PIN                               0x08008e3e   Data           6  stm324xg_eval.o(.constdata)
    BUTTON_IRQn                              0x08008e44   Data           6  stm324xg_eval.o(.constdata)
    COM_TX_PIN                               0x08008e4a   Data           2  stm324xg_eval.o(.constdata)
    COM_RX_PIN                               0x08008e4c   Data           2  stm324xg_eval.o(.constdata)
    COM_TX_AF                                0x08008e4e   Data           2  stm324xg_eval.o(.constdata)
    COM_RX_AF                                0x08008e50   Data           2  stm324xg_eval.o(.constdata)
    APBAHBPrescTable                         0x08008e52   Data          16  stm32f4xx_hal_rcc.o(.constdata)
    tcp_state_str                            0x08008e8c   Data          44  tcp.o(.constdata)
    tcp_backoff                              0x08008eb8   Data          13  tcp.o(.constdata)
    tcp_persist_backoff                      0x08008ec5   Data           7  tcp.o(.constdata)
    tcp_pcb_lists                            0x08008ecc   Data          16  tcp.o(.constdata)
    ip_addr_any                              0x08008edc   Data           4  ip_addr.o(.constdata)
    ip_addr_broadcast                        0x08008ee0   Data           4  ip_addr.o(.constdata)
    ethbroadcast                             0x08008ee4   Data           6  etharp.o(.constdata)
    ethzero                                  0x08008eea   Data           6  etharp.o(.constdata)
    Region$$Table$$Base                      0x08008f68   Number         0  anon$$obj.o(Region$$Table)
    Region$$Table$$Limit                     0x08008f88   Number         0  anon$$obj.o(Region$$Table)
    GPIO_PORT                                0x20000000   Data          16  stm324xg_eval.o(.data)
    BUTTON_PORT                              0x20000010   Data          12  stm324xg_eval.o(.data)
    COM_USART                                0x2000001c   Data           4  stm324xg_eval.o(.data)
    COM_TX_PORT                              0x20000020   Data           4  stm324xg_eval.o(.data)
    COM_RX_PORT                              0x20000024   Data           4  stm324xg_eval.o(.data)
    SystemCoreClock                          0x2000002c   Data           4  system_stm32f4xx.o(.data)
    AHBPrescTable                            0x20000030   Data          16  system_stm32f4xx.o(.data)
    uhCCR1_Val                               0x20000044   Data           4  main.o(.data)
    uhCCR2_Val                               0x20000048   Data           4  main.o(.data)
    message_count                            0x2000004c   Data           4  concentrator.o(.data)
    upcb                                     0x20000050   Data           4  concentrator.o(.data)
    netif_list                               0x20000070   Data           4  netif.o(.data)
    netif_default                            0x20000074   Data           4  netif.o(.data)
    tcp_ticks                                0x20000084   Data           4  tcp.o(.data)
    tcp_bound_pcbs                           0x20000088   Data           4  tcp.o(.data)
    tcp_listen_pcbs                          0x2000008c   Data           4  tcp.o(.data)
    tcp_active_pcbs                          0x20000090   Data           4  tcp.o(.data)
    tcp_tw_pcbs                              0x20000094   Data           4  tcp.o(.data)
    tcp_tmp_pcb                              0x20000098   Data           4  tcp.o(.data)
    tcp_active_pcbs_changed                  0x2000009c   Data           1  tcp.o(.data)
    tcp_input_pcb                            0x200000c0   Data           4  tcp_in.o(.data)
    udp_pcbs                                 0x200000c8   Data           4  udp.o(.data)
    current_netif                            0x200000cc   Data           4  ip.o(.data)
    current_header                           0x200000d0   Data           4  ip.o(.data)
    current_iphdr_src                        0x200000d4   Data           4  ip.o(.data)
    current_iphdr_dest                       0x200000d8   Data           4  ip.o(.data)
    TimHandle                                0x200000ec   Data          60  main.o(.bss)
    sConfig                                  0x20000128   Data          28  main.o(.bss)
    gnetif                                   0x20000144   Data          56  main.o(.bss)
    AdcHandle                                0x2000017c   Data          68  main.o(.bss)
    DMARxDscrTab                             0x200001c0   Data         128  ethernetif.o(.bss)
    DMATxDscrTab                             0x20000240   Data         128  ethernetif.o(.bss)
    Rx_Buff                                  0x200002c0   Data        6096  ethernetif.o(.bss)
    Tx_Buff                                  0x20001a90   Data        6096  ethernetif.o(.bss)
    EthHandle                                0x20003260   Data          72  ethernetif.o(.bss)
    data                                     0x200032a8   Data         100  concentrator.o(.bss)
    ram_heap                                 0x2000330c   Data       10260  mem.o(.bss)
    __initial_sp                             0x200084c0   Data           0  startup_stm32f407xx.o(STACK)



==============================================================================

Memory Map of the image

  Image Entry point : 0x08000189

  Load Region LR_IROM1 (Base: 0x08000000, Size: 0x00009074, Max: 0x00100000, ABSOLUTE)

    Execution Region ER_IROM1 (Base: 0x08000000, Size: 0x00008f88, Max: 0x00100000, ABSOLUTE)

    Base Addr    Size         Type   Attr      Idx    E Section Name        Object

    0x08000000   0x00000188   Data   RO         8203    RESET               startup_stm32f407xx.o
    0x08000188   0x00000000   Code   RO        10376  * .ARM.Collect$$$$00000000  mc_w.l(entry.o)
    0x08000188   0x00000004   Code   RO        10685    .ARM.Collect$$$$00000001  mc_w.l(entry2.o)
    0x0800018c   0x00000004   Code   RO        10688    .ARM.Collect$$$$00000004  mc_w.l(entry5.o)
    0x08000190   0x00000000   Code   RO        10690    .ARM.Collect$$$$00000008  mc_w.l(entry7b.o)
    0x08000190   0x00000000   Code   RO        10692    .ARM.Collect$$$$0000000A  mc_w.l(entry8b.o)
    0x08000190   0x00000008   Code   RO        10693    .ARM.Collect$$$$0000000B  mc_w.l(entry9a.o)
    0x08000198   0x00000000   Code   RO        10695    .ARM.Collect$$$$0000000D  mc_w.l(entry10a.o)
    0x08000198   0x00000000   Code   RO        10697    .ARM.Collect$$$$0000000F  mc_w.l(entry11a.o)
    0x08000198   0x00000004   Code   RO        10686    .ARM.Collect$$$$00002712  mc_w.l(entry2.o)
    0x0800019c   0x00000024   Code   RO         8204    .text               startup_stm32f407xx.o
    0x080001c0   0x00000024   Code   RO        10381    .text               mc_w.l(rand.o)
    0x080001e4   0x00000024   Code   RO        10384    .text               mc_w.l(memcpya.o)
    0x08000208   0x00000024   Code   RO        10386    .text               mc_w.l(memseta.o)
    0x0800022c   0x0000000e   Code   RO        10390    .text               mc_w.l(strlen.o)
    0x0800023a   0x0000001a   Code   RO        10392    .text               mc_w.l(memcmp.o)
    0x08000254   0x0000002c   Code   RO        10702    .text               mc_w.l(uidiv.o)
    0x08000280   0x00000024   Code   RO        10721    .text               mc_w.l(init.o)
    0x080002a4   0x00000068   Code   RO         8210    i.ADC_Config        main.o
    0x0800030c   0x00000144   Code   RO         1931    i.ADC_Init          stm32f4xx_hal_adc.o
    0x08000450   0x00000070   Code   RO         8211    i.BSP_Config        main.o
    0x080004c0   0x00000074   Code   RO          466    i.BSP_LED_Init      stm324xg_eval.o
    0x08000534   0x00000020   Code   RO          467    i.BSP_LED_Off       stm324xg_eval.o
    0x08000554   0x00000020   Code   RO          468    i.BSP_LED_On        stm324xg_eval.o
    0x08000574   0x00000020   Code   RO          469    i.BSP_LED_Toggle    stm324xg_eval.o
    0x08000594   0x000000bc   Code   RO          471    i.BSP_PB_Init       stm324xg_eval.o
    0x08000650   0x00000004   Code   RO         8369    i.BusFault_Handler  stm32f4xx_it.o
    0x08000654   0x00000002   Code   RO         8370    i.DebugMon_Handler  stm32f4xx_it.o
    0x08000656   0x00000002   PAD
    0x08000658   0x00000070   Code   RO         8212    i.ETH_Config        main.o
    0x080006c8   0x00000016   Code   RO         2942    i.ETH_DMAReceptionDisable  stm32f4xx_hal_eth.o
    0x080006de   0x00000016   Code   RO         2943    i.ETH_DMAReceptionEnable  stm32f4xx_hal_eth.o
    0x080006f4   0x00000016   Code   RO         2944    i.ETH_DMATransmissionDisable  stm32f4xx_hal_eth.o
    0x0800070a   0x00000016   Code   RO         2945    i.ETH_DMATransmissionEnable  stm32f4xx_hal_eth.o
    0x08000720   0x00000038   Code   RO         2946    i.ETH_FlushTransmitFIFO  stm32f4xx_hal_eth.o
    0x08000758   0x00000034   Code   RO         2947    i.ETH_MACAddressConfig  stm32f4xx_hal_eth.o
    0x0800078c   0x00000244   Code   RO         2948    i.ETH_MACDMAConfig  stm32f4xx_hal_eth.o
    0x080009d0   0x00000028   Code   RO         2949    i.ETH_MACReceptionDisable  stm32f4xx_hal_eth.o
    0x080009f8   0x00000028   Code   RO         2950    i.ETH_MACReceptionEnable  stm32f4xx_hal_eth.o
    0x08000a20   0x00000028   Code   RO         2951    i.ETH_MACTransmissionDisable  stm32f4xx_hal_eth.o
    0x08000a48   0x00000028   Code   RO         2952    i.ETH_MACTransmissionEnable  stm32f4xx_hal_eth.o
    0x08000a70   0x00000014   Code   RO         8371    i.EXTI15_10_IRQHandler  stm32f4xx_it.o
    0x08000a84   0x0000001c   Code   RO         8213    i.Error_Handler     main.o
    0x08000aa0   0x0000015c   Code   RO         1933    i.HAL_ADC_ConfigChannel  stm32f4xx_hal_adc.o
    0x08000bfc   0x0000003a   Code   RO         1942    i.HAL_ADC_Init      stm32f4xx_hal_adc.o
    0x08000c36   0x00000002   Code   RO         1945    i.HAL_ADC_MspInit   stm32f4xx_hal_adc.o
    0x08000c38   0x0000001a   Code   RO         1787    i.HAL_Delay         stm32f4xx_hal.o
    0x08000c52   0x00000002   PAD
    0x08000c54   0x00000140   Code   RO         2954    i.HAL_ETH_ConfigMAC  stm32f4xx_hal_eth.o
    0x08000d94   0x0000008c   Code   RO         2955    i.HAL_ETH_DMARxDescListInit  stm32f4xx_hal_eth.o
    0x08000e20   0x00000084   Code   RO         2956    i.HAL_ETH_DMATxDescListInit  stm32f4xx_hal_eth.o
    0x08000ea4   0x000000b2   Code   RO         2959    i.HAL_ETH_GetReceivedFrame  stm32f4xx_hal_eth.o
    0x08000f56   0x00000002   PAD
    0x08000f58   0x0000025c   Code   RO         2963    i.HAL_ETH_Init      stm32f4xx_hal_eth.o
    0x080011b4   0x00000100   Code   RO         8453    i.HAL_ETH_MspInit   ethernetif.o
    0x080012b4   0x00000092   Code   RO         2966    i.HAL_ETH_ReadPHYRegister  stm32f4xx_hal_eth.o
    0x08001346   0x00000052   Code   RO         2968    i.HAL_ETH_Start     stm32f4xx_hal_eth.o
    0x08001398   0x00000052   Code   RO         2969    i.HAL_ETH_Stop      stm32f4xx_hal_eth.o
    0x080013ea   0x0000013e   Code   RO         2970    i.HAL_ETH_TransmitFrame  stm32f4xx_hal_eth.o
    0x08001528   0x00000090   Code   RO         2972    i.HAL_ETH_WritePHYRegister  stm32f4xx_hal_eth.o
    0x080015b8   0x00000028   Code   RO         8214    i.HAL_GPIO_EXTI_Callback  main.o
    0x080015e0   0x0000001c   Code   RO         3342    i.HAL_GPIO_EXTI_IRQHandler  stm32f4xx_hal_gpio.o
    0x080015fc   0x00000208   Code   RO         3343    i.HAL_GPIO_Init     stm32f4xx_hal_gpio.o
    0x08001804   0x00000008   Code   RO         3346    i.HAL_GPIO_TogglePin  stm32f4xx_hal_gpio.o
    0x0800180c   0x0000000a   Code   RO         3347    i.HAL_GPIO_WritePin  stm32f4xx_hal_gpio.o
    0x08001816   0x00000002   PAD
    0x08001818   0x0000000c   Code   RO         1799    i.HAL_GetTick       stm32f4xx_hal.o
    0x08001824   0x00000010   Code   RO         1800    i.HAL_IncTick       stm32f4xx_hal.o
    0x08001834   0x0000003c   Code   RO         1801    i.HAL_Init          stm32f4xx_hal.o
    0x08001870   0x00000024   Code   RO         1802    i.HAL_InitTick      stm32f4xx_hal.o
    0x08001894   0x00000002   Code   RO         8338    i.HAL_MspInit       stm32f4xx_hal_msp.o
    0x08001896   0x0000001a   Code   RO         2323    i.HAL_NVIC_EnableIRQ  stm32f4xx_hal_cortex.o
    0x080018b0   0x0000007c   Code   RO         2329    i.HAL_NVIC_SetPriority  stm32f4xx_hal_cortex.o
    0x0800192c   0x00000028   Code   RO         2330    i.HAL_NVIC_SetPriorityGrouping  stm32f4xx_hal_cortex.o
    0x08001954   0x00000254   Code   RO         4967    i.HAL_RCC_ClockConfig  stm32f4xx_hal_rcc.o
    0x08001ba8   0x00000038   Code   RO         4972    i.HAL_RCC_GetHCLKFreq  stm32f4xx_hal_rcc.o
    0x08001be0   0x000000c4   Code   RO         4976    i.HAL_RCC_GetSysClockFreq  stm32f4xx_hal_rcc.o
    0x08001ca4   0x00000098   Code   RO         4977    i.HAL_RCC_MCOConfig  stm32f4xx_hal_rcc.o
    0x08001d3c   0x000003fc   Code   RO         4979    i.HAL_RCC_OscConfig  stm32f4xx_hal_rcc.o
    0x08002138   0x00000034   Code   RO         2334    i.HAL_SYSTICK_Config  stm32f4xx_hal_cortex.o
    0x0800216c   0x00000002   Code   RO         6911    i.HAL_TIMEx_BreakCallback  stm32f4xx_hal_tim_ex.o
    0x0800216e   0x00000002   Code   RO         6912    i.HAL_TIMEx_CommutationCallback  stm32f4xx_hal_tim_ex.o
    0x08002170   0x00000002   Code   RO         6319    i.HAL_TIM_IC_CaptureCallback  stm32f4xx_hal_tim.o
    0x08002172   0x00000196   Code   RO         6332    i.HAL_TIM_IRQHandler  stm32f4xx_hal_tim.o
    0x08002308   0x00000074   Code   RO         6333    i.HAL_TIM_OC_ConfigChannel  stm32f4xx_hal_tim.o
    0x0800237c   0x00000022   Code   RO         8215    i.HAL_TIM_OC_DelayElapsedCallback  main.o
    0x0800239e   0x0000002e   Code   RO         6337    i.HAL_TIM_OC_Init   stm32f4xx_hal_tim.o
    0x080023cc   0x0000005c   Code   RO         8339    i.HAL_TIM_OC_MspInit  stm32f4xx_hal_msp.o
    0x08002428   0x00000098   Code   RO         6342    i.HAL_TIM_OC_Start_IT  stm32f4xx_hal_tim.o
    0x080024c0   0x00000002   Code   RO         6362    i.HAL_TIM_PWM_PulseFinishedCallback  stm32f4xx_hal_tim.o
    0x080024c2   0x00000002   Code   RO         6369    i.HAL_TIM_PeriodElapsedCallback  stm32f4xx_hal_tim.o
    0x080024c4   0x00000002   Code   RO         6372    i.HAL_TIM_TriggerCallback  stm32f4xx_hal_tim.o
    0x080024c6   0x00000004   Code   RO         8372    i.HardFault_Handler  stm32f4xx_it.o
    0x080024ca   0x00000004   Code   RO         8373    i.MemManage_Handler  stm32f4xx_it.o
    0x080024ce   0x00000002   Code   RO         8374    i.NMI_Handler       stm32f4xx_it.o
    0x080024d0   0x00000010   Code   RO         2336    i.NVIC_GetPriorityGrouping  stm32f4xx_hal_cortex.o
    0x080024e0   0x00000028   Code   RO         2337    i.NVIC_SetPriority  stm32f4xx_hal_cortex.o
    0x08002508   0x00000002   Code   RO         8375    i.PendSV_Handler    stm32f4xx_it.o
    0x0800250a   0x00000002   Code   RO         8376    i.SVC_Handler       stm32f4xx_it.o
    0x0800250c   0x00000008   Code   RO         8377    i.SysTick_Handler   stm32f4xx_it.o
    0x08002514   0x0000007c   Code   RO         8216    i.SystemClock_Config  main.o
    0x08002590   0x00000064   Code   RO         1755    i.SystemInit        system_stm32f4xx.o
    0x080025f4   0x00000010   Code   RO         8378    i.TIM3_IRQHandler   stm32f4xx_it.o
    0x08002604   0x000000e4   Code   RO         6373    i.TIM_Base_SetConfig  stm32f4xx_hal_tim.o
    0x080026e8   0x0000001c   Code   RO         6374    i.TIM_CCxChannelCmd  stm32f4xx_hal_tim.o
    0x08002704   0x00000070   Code   RO         6379    i.TIM_OC1_SetConfig  stm32f4xx_hal_tim.o
    0x08002774   0x00000078   Code   RO         6380    i.TIM_OC2_SetConfig  stm32f4xx_hal_tim.o
    0x080027ec   0x00000078   Code   RO         6381    i.TIM_OC3_SetConfig  stm32f4xx_hal_tim.o
    0x08002864   0x00000060   Code   RO         6382    i.TIM_OC4_SetConfig  stm32f4xx_hal_tim.o
    0x080028c4   0x00000004   Code   RO         8379    i.UsageFault_Handler  stm32f4xx_it.o
    0x080028c8   0x0000001e   Code   RO         8547    i.User_notification  app_ethernet.o
    0x080028e6   0x00000002   PAD
    0x080028e8   0x00000028   Code   RO        10487    i.__0sprintf$3      mc_w.l(printf3.o)
    0x08002910   0x0000000e   Code   RO        10731    i.__scatterload_copy  mc_w.l(handlers.o)
    0x0800291e   0x00000002   Code   RO        10732    i.__scatterload_null  mc_w.l(handlers.o)
    0x08002920   0x0000000e   Code   RO        10733    i.__scatterload_zeroinit  mc_w.l(handlers.o)
    0x0800292e   0x00000002   PAD
    0x08002930   0x000001b8   Code   RO        10492    i._printf_core      mc_w.l(printf3.o)
    0x08002ae8   0x0000000a   Code   RO        10494    i._sputc            mc_w.l(printf3.o)
    0x08002af2   0x00000002   PAD
    0x08002af4   0x00000020   Code   RO         9115    i.arp_timer         lwip_timers.o
    0x08002b14   0x00000044   Code   RO         8657    i.concentrator_init  concentrator.o
    0x08002b58   0x00000068   Code   RO         8658    i.concentrator_ping  concentrator.o
    0x08002bc0   0x00000088   Code   RO         8659    i.concentrator_send  concentrator.o
    0x08002c48   0x0000003a   Code   RO         8851    i.dhcp_arp_reply    dhcp.o
    0x08002c82   0x00000104   Code   RO         8852    i.dhcp_bind         dhcp.o
    0x08002d86   0x00000046   Code   RO         8853    i.dhcp_check        dhcp.o
    0x08002dcc   0x00000050   Code   RO         8855    i.dhcp_coarse_tmr   dhcp.o
    0x08002e1c   0x00000150   Code   RO         8856    i.dhcp_create_msg   dhcp.o
    0x08002f6c   0x00000094   Code   RO         8857    i.dhcp_decline      dhcp.o
    0x08003000   0x00000028   Code   RO         8858    i.dhcp_delete_msg   dhcp.o
    0x08003028   0x000000e4   Code   RO         8859    i.dhcp_discover     dhcp.o
    0x0800310c   0x00000048   Code   RO         8860    i.dhcp_fine_tmr     dhcp.o
    0x08003154   0x00000050   Code   RO         8865    i.dhcp_network_changed  dhcp.o
    0x080031a4   0x00000020   Code   RO         8866    i.dhcp_option       dhcp.o
    0x080031c4   0x00000012   Code   RO         8867    i.dhcp_option_byte  dhcp.o
    0x080031d6   0x00000042   Code   RO         8868    i.dhcp_option_long  dhcp.o
    0x08003218   0x00000022   Code   RO         8869    i.dhcp_option_short  dhcp.o
    0x0800323a   0x00000046   Code   RO         8870    i.dhcp_option_trailer  dhcp.o
    0x08003280   0x00000098   Code   RO         8872    i.dhcp_rebind       dhcp.o
    0x08003318   0x000000b8   Code   RO         8873    i.dhcp_reboot       dhcp.o
    0x080033d0   0x000000b8   Code   RO         8875    i.dhcp_release      dhcp.o
    0x08003488   0x00000096   Code   RO         8876    i.dhcp_renew        dhcp.o
    0x0800351e   0x00000002   PAD
    0x08003520   0x00000104   Code   RO         8877    i.dhcp_select       dhcp.o
    0x08003624   0x00000010   Code   RO         8878    i.dhcp_set_state    dhcp.o
    0x08003634   0x00000028   Code   RO         8882    i.dhcp_t1_timeout   dhcp.o
    0x0800365c   0x00000028   Code   RO         8883    i.dhcp_t2_timeout   dhcp.o
    0x08003684   0x000000c4   Code   RO         8884    i.dhcp_timeout      dhcp.o
    0x08003748   0x00000020   Code   RO         9116    i.dhcp_timer_coarse  lwip_timers.o
    0x08003768   0x00000020   Code   RO         9117    i.dhcp_timer_fine   lwip_timers.o
    0x08003788   0x00000132   Code   RO        10285    i.etharp_arp_input  etharp.o
    0x080038ba   0x00000002   PAD
    0x080038bc   0x00000038   Code   RO        10286    i.etharp_cleanup_netif  etharp.o
    0x080038f4   0x0000017c   Code   RO        10288    i.etharp_find_entry  etharp.o
    0x08003a70   0x00000078   Code   RO        10289    i.etharp_free_entry  etharp.o
    0x08003ae8   0x0000014c   Code   RO        10290    i.etharp_output     etharp.o
    0x08003c34   0x0000006c   Code   RO        10291    i.etharp_output_to_arp_index  etharp.o
    0x08003ca0   0x00000174   Code   RO        10292    i.etharp_query      etharp.o
    0x08003e14   0x000000ba   Code   RO        10293    i.etharp_raw        etharp.o
    0x08003ece   0x00000002   PAD
    0x08003ed0   0x00000030   Code   RO        10294    i.etharp_request    etharp.o
    0x08003f00   0x0000003c   Code   RO        10295    i.etharp_send_ip    etharp.o
    0x08003f3c   0x00000094   Code   RO        10296    i.etharp_tmr        etharp.o
    0x08003fd0   0x000000c4   Code   RO        10297    i.etharp_update_arp_entry  etharp.o
    0x08004094   0x000000bc   Code   RO        10298    i.ethernet_input    etharp.o
    0x08004150   0x00000030   Code   RO         8454    i.ethernetif_init   ethernetif.o
    0x08004180   0x0000002c   Code   RO         8455    i.ethernetif_input  ethernetif.o
    0x080041ac   0x00000058   Code   RO         8548    i.ethernetif_notify_conn_changed  app_ethernet.o
    0x08004204   0x00000040   Code   RO         8457    i.ethernetif_set_link  ethernetif.o
    0x08004244   0x000000d4   Code   RO         8458    i.ethernetif_update_config  ethernetif.o
    0x08004318   0x00000012   Code   RO        10041    i.icmp_dest_unreach  icmp.o
    0x0800432a   0x00000002   PAD
    0x0800432c   0x00000184   Code   RO        10042    i.icmp_input        icmp.o
    0x080044b0   0x00000088   Code   RO        10043    i.icmp_send_response  icmp.o
    0x08004538   0x00000012   Code   RO        10044    i.icmp_time_exceeded  icmp.o
    0x0800454a   0x00000014   Code   RO        10089    i.inet_chksum       inet_chksum.o
    0x0800455e   0x00000056   Code   RO        10090    i.inet_chksum_pbuf  inet_chksum.o
    0x080045b4   0x0000004e   Code   RO        10166    i.ip4_addr_isbroadcast  ip_addr.o
    0x08004602   0x00000002   PAD
    0x08004604   0x000001ac   Code   RO        10219    i.ip_frag           ip_frag.o
    0x080047b0   0x0000000a   Code   RO        10220    i.ip_frag_alloc_pbuf_custom_ref  ip_frag.o
    0x080047ba   0x00000012   Code   RO        10221    i.ip_frag_free_pbuf_custom_ref  ip_frag.o
    0x080047cc   0x000001f8   Code   RO        10127    i.ip_input          ip.o
    0x080049c4   0x0000003c   Code   RO        10128    i.ip_output         ip.o
    0x08004a00   0x000000d0   Code   RO        10129    i.ip_output_if      ip.o
    0x08004ad0   0x000001a4   Code   RO        10222    i.ip_reass          ip_frag.o
    0x08004c74   0x00000164   Code   RO        10223    i.ip_reass_chain_frag_into_datagram_and_validate  ip_frag.o
    0x08004dd8   0x0000002c   Code   RO        10224    i.ip_reass_dequeue_datagram  ip_frag.o
    0x08004e04   0x00000058   Code   RO        10225    i.ip_reass_enqueue_new_datagram  ip_frag.o
    0x08004e5c   0x000000a0   Code   RO        10226    i.ip_reass_free_complete_datagram  ip_frag.o
    0x08004efc   0x0000007c   Code   RO        10227    i.ip_reass_remove_oldest_datagram  ip_frag.o
    0x08004f78   0x00000020   Code   RO         9118    i.ip_reass_timer    lwip_timers.o
    0x08004f98   0x0000003c   Code   RO        10228    i.ip_reass_tmr      ip_frag.o
    0x08004fd4   0x00000058   Code   RO        10130    i.ip_route          ip.o
    0x0800502c   0x00000020   Code   RO        10229    i.ipfrag_free_pbuf_custom  ip_frag.o
    0x0800504c   0x000000f4   Code   RO         8459    i.low_level_init    ethernetif.o
    0x08005140   0x000000f8   Code   RO         8460    i.low_level_input   ethernetif.o
    0x08005238   0x000000e8   Code   RO         8461    i.low_level_output  ethernetif.o
    0x08005320   0x0000001a   Code   RO         8821    i.lwip_htonl        def.o
    0x0800533a   0x0000000c   Code   RO         8822    i.lwip_htons        def.o
    0x08005346   0x0000001c   Code   RO         9072    i.lwip_init         init.o
    0x08005362   0x0000000c   Code   RO         8823    i.lwip_ntohl        def.o
    0x0800536e   0x0000000c   Code   RO         8824    i.lwip_ntohs        def.o
    0x0800537a   0x0000005e   Code   RO        10093    i.lwip_standard_chksum  inet_chksum.o
    0x080053d8   0x000000d4   Code   RO         8217    i.main              main.o
    0x080054ac   0x00000058   Code   RO         9191    i.mem_free          mem.o
    0x08005504   0x0000005c   Code   RO         9192    i.mem_init          mem.o
    0x08005560   0x000000f0   Code   RO         9193    i.mem_malloc        mem.o
    0x08005650   0x00000130   Code   RO         9194    i.mem_trim          mem.o
    0x08005780   0x00000020   Code   RO         9235    i.memp_free         memp.o
    0x080057a0   0x00000064   Code   RO         9236    i.memp_init         memp.o
    0x08005804   0x00000030   Code   RO         9237    i.memp_malloc       memp.o
    0x08005834   0x0000008c   Code   RO         9276    i.netif_add         netif.o
    0x080058c0   0x00000002   Code   RO         9278    i.netif_init        netif.o
    0x080058c2   0x00000028   Code   RO         9280    i.netif_set_addr    netif.o
    0x080058ea   0x00000002   PAD
    0x080058ec   0x00000010   Code   RO         9281    i.netif_set_default  netif.o
    0x080058fc   0x0000002a   Code   RO         9282    i.netif_set_down    netif.o
    0x08005926   0x00000010   Code   RO         9283    i.netif_set_gw      netif.o
    0x08005936   0x00000002   PAD
    0x08005938   0x00000084   Code   RO         9284    i.netif_set_ipaddr  netif.o
    0x080059bc   0x00000006   Code   RO         9285    i.netif_set_link_callback  netif.o
    0x080059c2   0x0000002a   Code   RO         9286    i.netif_set_link_down  netif.o
    0x080059ec   0x00000050   Code   RO         9287    i.netif_set_link_up  netif.o
    0x08005a3c   0x00000010   Code   RO         9288    i.netif_set_netmask  netif.o
    0x08005a4c   0x00000036   Code   RO         9289    i.netif_set_up      netif.o
    0x08005a82   0x000001a2   Code   RO         9376    i.pbuf_alloc        pbuf.o
    0x08005c24   0x00000074   Code   RO         9377    i.pbuf_alloced_custom  pbuf.o
    0x08005c98   0x00000038   Code   RO         9378    i.pbuf_cat          pbuf.o
    0x08005cd0   0x0000001a   Code   RO         9379    i.pbuf_chain        pbuf.o
    0x08005cea   0x00000012   Code   RO         9380    i.pbuf_clen         pbuf.o
    0x08005cfc   0x000000c8   Code   RO         9382    i.pbuf_copy         pbuf.o
    0x08005dc4   0x00000092   Code   RO         9383    i.pbuf_copy_partial  pbuf.o
    0x08005e56   0x00000096   Code   RO         9385    i.pbuf_free         pbuf.o
    0x08005eec   0x00000086   Code   RO         9387    i.pbuf_header       pbuf.o
    0x08005f72   0x00000078   Code   RO         9390    i.pbuf_realloc      pbuf.o
    0x08005fea   0x0000000a   Code   RO         9391    i.pbuf_ref          pbuf.o
    0x08005ff4   0x00000074   Code   RO         9393    i.pbuf_take         pbuf.o
    0x08006068   0x00000088   Code   RO         9195    i.plug_holes        mem.o
    0x080060f0   0x00000074   Code   RO         9495    i.raw_input         raw.o
    0x08006164   0x00000064   Code   RO         9119    i.sys_check_timeouts  lwip_timers.o
    0x080061c8   0x00000008   Code   RO         8462    i.sys_now           ethernetif.o
    0x080061d0   0x0000009c   Code   RO         9121    i.sys_timeout       lwip_timers.o
    0x0800626c   0x00000050   Code   RO         9122    i.sys_timeouts_init  lwip_timers.o
    0x080062bc   0x00000098   Code   RO         9561    i.tcp_abandon       tcp.o
    0x08006354   0x0000000e   Code   RO         9562    i.tcp_abort         tcp.o
    0x08006362   0x00000002   PAD
    0x08006364   0x000000c4   Code   RO         9565    i.tcp_alloc         tcp.o
    0x08006428   0x0000001c   Code   RO         9568    i.tcp_close         tcp.o
    0x08006444   0x000001c8   Code   RO         9569    i.tcp_close_shutdown  tcp.o
    0x0800660c   0x000000b8   Code   RO         9844    i.tcp_create_segment  tcp_out.o
    0x080066c4   0x0000002e   Code   RO         9572    i.tcp_eff_send_mss  tcp.o
    0x080066f2   0x00000126   Code   RO         9845    i.tcp_enqueue_flags  tcp_out.o
    0x08006818   0x00000080   Code   RO         9574    i.tcp_fasttmr       tcp.o
    0x08006898   0x00000002   Code   RO         9575    i.tcp_init          tcp.o
    0x0800689a   0x00000002   PAD
    0x0800689c   0x00000498   Code   RO         9793    i.tcp_input         tcp_in.o
    0x08006d34   0x0000004e   Code   RO         9846    i.tcp_keepalive     tcp_out.o
    0x08006d82   0x00000002   PAD
    0x08006d84   0x00000058   Code   RO         9576    i.tcp_kill_prio     tcp.o
    0x08006ddc   0x00000040   Code   RO         9577    i.tcp_kill_timewait  tcp.o
    0x08006e1c   0x0000013c   Code   RO         9794    i.tcp_listen_input  tcp_in.o
    0x08006f58   0x0000001c   Code   RO         9581    i.tcp_next_iss      tcp.o
    0x08006f74   0x000001c0   Code   RO         9847    i.tcp_output        tcp_out.o
    0x08007134   0x00000078   Code   RO         9848    i.tcp_output_alloc_header  tcp_out.o
    0x080071ac   0x000000d8   Code   RO         9849    i.tcp_output_segment  tcp_out.o
    0x08007284   0x000000d0   Code   RO         9795    i.tcp_parseopt      tcp_in.o
    0x08007354   0x00000058   Code   RO         9582    i.tcp_pcb_purge     tcp.o
    0x080073ac   0x00000090   Code   RO         9583    i.tcp_pcb_remove    tcp.o
    0x0800743c   0x000005b8   Code   RO         9796    i.tcp_process       tcp_in.o
    0x080079f4   0x00000094   Code   RO         9585    i.tcp_process_refused_data  tcp.o
    0x08007a88   0x00000678   Code   RO         9797    i.tcp_receive       tcp_in.o
    0x08008100   0x0000002e   Code   RO         9587    i.tcp_recv_null     tcp.o
    0x0800812e   0x0000004a   Code   RO         9588    i.tcp_recved        tcp.o
    0x08008178   0x0000005a   Code   RO         9851    i.tcp_rexmit        tcp_out.o
    0x080081d2   0x00000078   Code   RO         9852    i.tcp_rexmit_fast   tcp_out.o
    0x0800824a   0x0000003a   Code   RO         9853    i.tcp_rexmit_rto    tcp_out.o
    0x08008284   0x00000084   Code   RO         9854    i.tcp_rst           tcp_out.o
    0x08008308   0x0000001a   Code   RO         9589    i.tcp_seg_free      tcp.o
    0x08008322   0x00000018   Code   RO         9590    i.tcp_segs_free     tcp.o
    0x0800833a   0x00000054   Code   RO         9855    i.tcp_send_empty_ack  tcp_out.o
    0x0800838e   0x0000004a   Code   RO         9856    i.tcp_send_fin      tcp_out.o
    0x080083d8   0x00000360   Code   RO         9594    i.tcp_slowtmr       tcp.o
    0x08008738   0x00000038   Code   RO         9124    i.tcp_timer_needed  lwip_timers.o
    0x08008770   0x000000ac   Code   RO         9798    i.tcp_timewait_input  tcp_in.o
    0x0800881c   0x00000024   Code   RO         9595    i.tcp_tmr           tcp.o
    0x08008840   0x0000004e   Code   RO         9596    i.tcp_update_rcv_ann_wnd  tcp.o
    0x0800888e   0x000000b4   Code   RO         9859    i.tcp_zero_window_probe  tcp_out.o
    0x08008942   0x00000002   PAD
    0x08008944   0x00000038   Code   RO         9125    i.tcpip_tcp_timer   lwip_timers.o
    0x0800897c   0x00000098   Code   RO         9941    i.udp_bind          udp.o
    0x08008a14   0x00000068   Code   RO         9942    i.udp_connect       udp.o
    0x08008a7c   0x00000002   Code   RO         9944    i.udp_init          udp.o
    0x08008a7e   0x00000002   PAD
    0x08008a80   0x000001e4   Code   RO         9945    i.udp_input         udp.o
    0x08008c64   0x0000001c   Code   RO         9946    i.udp_new           udp.o
    0x08008c80   0x00000058   Code   RO         9947    i.udp_new_port      udp.o
    0x08008cd8   0x0000001e   Code   RO         8660    i.udp_receive_callback  concentrator.o
    0x08008cf6   0x00000006   Code   RO         9948    i.udp_recv          udp.o
    0x08008cfc   0x00000014   Code   RO         9950    i.udp_send          udp.o
    0x08008d10   0x00000036   Code   RO         9951    i.udp_sendto        udp.o
    0x08008d46   0x000000f0   Code   RO         9952    i.udp_sendto_if     udp.o
    0x08008e36   0x0000001c   Data   RO          505    .constdata          stm324xg_eval.o
    0x08008e52   0x00000010   Data   RO         4980    .constdata          stm32f4xx_hal_rcc.o
    0x08008e62   0x00000028   Data   RO         9239    .constdata          memp.o
    0x08008e8a   0x00000002   PAD
    0x08008e8c   0x00000050   Data   RO         9597    .constdata          tcp.o
    0x08008edc   0x00000008   Data   RO        10173    .constdata          ip_addr.o
    0x08008ee4   0x0000000c   Data   RO        10300    .constdata          etharp.o
    0x08008ef0   0x00000075   Data   RO         9598    .conststring        tcp.o
    0x08008f65   0x00000003   PAD
    0x08008f68   0x00000020   Data   RO        10729    Region$$Table       anon$$obj.o


    Execution Region RW_IRAM1 (Base: 0x20000000, Size: 0x000084c0, Max: 0x00020000, ABSOLUTE)

    Base Addr    Size         Type   Attr      Idx    E Section Name        Object

    0x20000000   0x0000002a   Data   RW          506    .data               stm324xg_eval.o
    0x2000002a   0x00000002   PAD
    0x2000002c   0x00000014   Data   RW         1756    .data               system_stm32f4xx.o
    0x20000040   0x00000004   Data   RW         1807    .data               stm32f4xx_hal.o
    0x20000044   0x00000008   Data   RW         8219    .data               main.o
    0x2000004c   0x00000008   Data   RW         8662    .data               concentrator.o
    0x20000054   0x00000004   Data   RW         8886    .data               dhcp.o
    0x20000058   0x0000000c   Data   RW         9126    .data               lwip_timers.o
    0x20000064   0x0000000c   Data   RW         9197    .data               mem.o
    0x20000070   0x00000009   Data   RW         9290    .data               netif.o
    0x20000079   0x00000003   PAD
    0x2000007c   0x00000004   Data   RW         9501    .data               raw.o
    0x20000080   0x00000024   Data   RW         9599    .data               tcp.o
    0x200000a4   0x00000020   Data   RW         9800    .data               tcp_in.o
    0x200000c4   0x00000008   Data   RW         9953    .data               udp.o
    0x200000cc   0x00000012   Data   RW        10131    .data               ip.o
    0x200000de   0x00000002   PAD
    0x200000e0   0x00000006   Data   RW        10230    .data               ip_frag.o
    0x200000e6   0x00000001   Data   RW        10301    .data               etharp.o
    0x200000e7   0x00000001   PAD
    0x200000e8   0x00000004   Data   RW        10382    .data               mc_w.l(rand.o)
    0x200000ec   0x000000d4   Zero   RW         8218    .bss                main.o
    0x200001c0   0x000030e8   Zero   RW         8463    .bss                ethernetif.o
    0x200032a8   0x00000064   Zero   RW         8661    .bss                concentrator.o
    0x2000330c   0x00002814   Zero   RW         9196    .bss                mem.o
    0x20005b20   0x000024c3   Zero   RW         9238    .bss                memp.o
    0x20007fe3   0x00000001   PAD
    0x20007fe4   0x00000014   Zero   RW         9799    .bss                tcp_in.o
    0x20007ff8   0x000000c8   Zero   RW        10299    .bss                etharp.o
    0x200080c0   0x00000400   Zero   RW         8201    STACK               startup_stm32f407xx.o


==============================================================================

Image component sizes


      Code (inc. data)   RO Data    RW Data    ZI Data      Debug   Object Name

       118          8          0          0          0       1181   app_ethernet.o
       338         90          0          8        100       7284   concentrator.o
         0          0          0          0          0       4492   cs43l22.o
        62          0          0          0          0       2292   def.o
      2814         50          0          4          0      23492   dhcp.o
      2500         70         12          1        200      14212   etharp.o
      1356         92          0          0      12520      12819   ethernetif.o
       560          8          0          0          0       3930   icmp.o
         0          0          0          0          0       3864   inet.o
       200          0          0          0          0       2813   inet_chksum.o
        28          0          0          0          0      10261   init.o
       860         32          0         18          0       7721   ip.o
        78          0          8          0          0       7390   ip_addr.o
      1740         40          0          6          0      10792   ip_frag.o
       576         90          0         12          0       5998   lwip_timers.o
       766         96          0          8        212      13948   main.o
       860         68          0         12      10260       5273   mem.o
       180         26         40          0       9411       4190   memp.o
       586         22          0          9          0      10383   netif.o
      1510          0          0          0          0      10827   pbuf.o
       116         14          0          4          0       1632   raw.o
        36          8        392          0       1024        808   startup_stm32f407xx.o
       400         64         28         42          0     393679   stm324xg_eval.o
       150         16          0          4          0       4102   stm32f4xx_hal.o
       732         16          0          0          0       3061   stm32f4xx_hal_adc.o
       298         22          0          0          0      30683   stm32f4xx_hal_cortex.o
      3082         54          0          0          0      16274   stm32f4xx_hal_eth.o
       566         58          0          0          0       4396   stm32f4xx_hal_gpio.o
        94         10          0          0          0       1419   stm32f4xx_hal_msp.o
      2020         68         16          0          0       5597   stm32f4xx_hal_rcc.o
      1432         88          0          0          0      10252   stm32f4xx_hal_tim.o
         4          0          0          0          0       1582   stm32f4xx_hal_tim_ex.o
        68          6          0          0          0       5127   stm32f4xx_it.o
       100         18          0         20          0       1113   system_stm32f4xx.o
      2730        142        197         36          0      25441   tcp.o
      4992        296          0         32         20      17099   tcp_in.o
      2078         10          0          0          0      11511   tcp_out.o
      1178         34          0          8          0      17523   udp.o

    ----------------------------------------------------------------------
     35242       1616        730        232      33748     714461   Object Totals
         0          0         32          0          0          0   (incl. Generated)
        34          0          5          8          1          0   (incl. Padding)

    ----------------------------------------------------------------------

      Code (inc. data)   RO Data    RW Data    ZI Data      Debug   Library Member Name

         0          0          0          0          0          0   entry.o
         0          0          0          0          0          0   entry10a.o
         0          0          0          0          0          0   entry11a.o
         8          4          0          0          0          0   entry2.o
         4          0          0          0          0          0   entry5.o
         0          0          0          0          0          0   entry7b.o
         0          0          0          0          0          0   entry8b.o
         8          4          0          0          0          0   entry9a.o
        30          0          0          0          0          0   handlers.o
        36          8          0          0          0         68   init.o
        26          0          0          0          0         80   memcmp.o
        36          0          0          0          0         68   memcpya.o
        36          0          0          0          0        108   memseta.o
       490         10          0          0          0        252   printf3.o
        36         10          0          4          0        136   rand.o
        14          0          0          0          0         68   strlen.o
        44          0          0          0          0         80   uidiv.o

    ----------------------------------------------------------------------
       772         36          0          4          0        860   Library Totals
         4          0          0          0          0          0   (incl. Padding)

    ----------------------------------------------------------------------

      Code (inc. data)   RO Data    RW Data    ZI Data      Debug   Library Name

       768         36          0          4          0        860   mc_w.l

    ----------------------------------------------------------------------
       772         36          0          4          0        860   Library Totals

    ----------------------------------------------------------------------

==============================================================================


      Code (inc. data)   RO Data    RW Data    ZI Data      Debug   

     36014       1652        730        236      33748     689713   Grand Totals
     36014       1652        730        236      33748     689713   ELF Image Totals
     36014       1652        730        236          0          0   ROM Totals

==============================================================================

    Total RO  Size (Code + RO Data)                36744 (  35.88kB)
    Total RW  Size (RW Data + ZI Data)             33984 (  33.19kB)
    Total ROM Size (Code + RO Data + RW Data)      36980 (  36.11kB)

==============================================================================

