<html>
<body>
<pre>
<h1>µVision Build Log</h1>
<h2>Tool Versions:</h2>
IDE-Version: µVision V5.12.0.0
Copyright (C) 2014 ARM Ltd and ARM Germany GmbH. All rights reserved.
License Information: Martin Zlámal, ZÈU, LIC=X96AR-K66L9-Z8LFH-WDDMA-G49UN-NYSAX
 
Tool Versions:
Toolchain:       MDK-ARM Standard  Version: 5.12.0.0
Toolchain Path:  C:\Keil_v5\ARM\ARMCC\Bin
C Compiler:      Armcc.exe V5.05 (build 41)
Assembler:       Armasm.exe V5.05 (build 41)
Linker/Locator:  ArmLink.exe V5.05 (build 41)
Library Manager: ArmAr.exe V5.05 (build 41)
Hex Converter:   FromElf.exe V5.05 (build 41)
CPU DLL:         SARMCM3.DLL V5.12.0.0
Dialog DLL:      DCM.DLL V1.13.0.0
    Target DLL: STLink\ST-LINKIII-KEIL_SWO.dll
Dialog DLL:      TCM.DLL V1.14.2.0
 
<h2>Project:</h2>
C:\Users\Martin\Desktop\real-time-ws\concentrator\MDK-ARM\Project.uvproj
Project File Date:  11/16/2014

<h2>Output:</h2>
Build target 'STM3240G-EVAL'
compiling concentrator.c...
..\Src\concentrator.c(111): warning:  #177-D: variable "pc" was declared but never referenced
        char *pc = (char *)p->payload;
..\Src\concentrator.c: 1 warning, 0 errors
linking...
Program Size: Code=36928 RO-data=728 RW-data=236 ZI-data=33812  
"STM3240G-EVAL\STM3240G-EVAL.axf" - 0 Error(s), 1 Warning(s).
Load "STM3240G-EVAL\\STM3240G-EVAL.axf" 
Erase Done.
Programming Done.
Verify OK.
</pre>
</body>
</html>
 referenced
        char *pc = (char *)p->payload;
..\Src\concentrator.c: 1 warning, 1 error
"STM3240G-EVAL\STM3240G-EVAL.axf" - 1 Error(s), 2 Warning(s).
Target not created.
240G-EVAL\STM3240G-EVAL.axf" - 1 Error(s), 2 Warning(s).
Target not created.
VAL.axf" - 1 Error(s), 3 Warning(s).
Target not created.
M8_RELEASE_RESET (referred from stm32f4xx_hal_msp.o).
Not enough information to list image symbols.
Finished: 1 information, 0 warning and 3 error messages.
"STM3240G-EVAL\STM3240G-EVAL.axf" - 3 Error(s), 3 Warning(s).
Target not created.
Load "STM3240G-EVAL\\STM3240G-EVAL.axf" 
_____^
*** error 56: cannot open file
Error: Flash Download failed  -  Could not load file 'STM3240G-EVAL\STM3240G-EVAL.axf'
Load "STM3240G-EVAL\\STM3240G-EVAL.axf" 
_____^
*** error 56: cannot open file
Error: Flash Download failed  -  Could not load file 'STM3240G-EVAL\STM3240G-EVAL.axf'
