<html>
<body>
<pre>
<h1>µVision Build Log</h1>
<h2>Tool Versions:</h2>
IDE-Version: µVision V5.12.0.0
Copyright (C) 2014 ARM Ltd and ARM Germany GmbH. All rights reserved.
License Information: Martin Zlámal, ZÈU, LIC=X96AR-K66L9-Z8LFH-WDDMA-G49UN-NYSAX
 
Tool Versions:
Toolchain:       MDK-ARM Standard  Version: 5.12.0.0
Toolchain Path:  C:\Keil_v5\ARM\ARMCC\Bin
C Compiler:      Armcc.exe V5.05 (build 41)
Assembler:       Armasm.exe V5.05 (build 41)
Linker/Locator:  ArmLink.exe V5.05 (build 41)
Library Manager: ArmAr.exe V5.05 (build 41)
Hex Converter:   FromElf.exe V5.05 (build 41)
CPU DLL:         SARMCM3.DLL V5.12.0.0
Dialog DLL:      DCM.DLL V1.13.0.0
    Target DLL: STLink\ST-LINKIII-KEIL_SWO.dll
Dialog DLL:      TCM.DLL V1.14.2.0
 
<h2>Project:</h2>
C:\Users\Martin\Desktop\real-time-ws\concentrator\MDK-ARM\Project.uvproj
Project File Date:  11/16/2014

<h2>Output:</h2>
Build target 'STM3240G-EVAL'
compiling main.c...
compiling stm32f4xx_hal_msp.c...
compiling stm32f4xx_it.c...
compiling app_ethernet.c...
compiling concentrator.c...
linking...
Program Size: Code=36014 RO-data=730 RW-data=236 ZI-data=33748  
"STM3240G-EVAL\STM3240G-EVAL.axf" - 0 Error(s), 0 Warning(s).
Load "STM3240G-EVAL\\STM3240G-EVAL.axf" 
Erase Done.
Programming Done.
Verify OK.
</pre>
</body>
</html>
 OK.
one.
Programming Done.
Verify OK.
g stm32f4xx_hal_adc.c...
compiling stm32f4xx_hal_adc_ex.c...
compiling stm32f4xx_hal_can.c...
compiling stm32f4xx_hal_cortex.c...
compiling stm32f4xx_hal_crc.c...
compiling stm32f4xx_hal_dac.c...
compiling stm32f4xx_hal_dac_ex.c...
compiling stm32f4xx_hal_dcmi.c...
compiling stm32f4xx_hal_dma.c...
compiling stm32f4xx_hal_dma_ex.c...
compiling stm32f4xx_hal_eth.c...
compiling stm32f4xx_hal_flash.c...
compiling stm32f4xx_hal_flash_ex.c...
compiling stm32f4xx_hal_gpio.c...
compiling stm32f4xx_hal_hcd.c...
compiling stm32f4xx_hal_i2c.c...
compiling stm32f4xx_hal_i2s.c...
compiling stm32f4xx_hal_irda.c...
compiling stm32f4xx_hal_iwdg.c...
compiling stm32f4xx_hal_nand.c...
compiling stm32f4xx_hal_nor.c...
compiling stm32f4xx_hal_pccard.c...
compiling stm32f4xx_hal_pcd.c...
compiling stm32f4xx_hal_pwr.c...
compiling stm32f4xx_hal_rcc.c...
compiling stm32f4xx_hal_rcc_ex.c...
compiling stm32f4xx_hal_rng.c...
compiling stm32f4xx_hal_rtc.c...
compiling stm32f4xx_hal_rtc_ex.c...
compiling stm32f4xx_hal_sd.c...
compiling stm32f4xx_hal_smartcard.c...
compiling stm32f4xx_hal_spi.c...
compiling stm32f4xx_hal_sram.c...
compiling stm32f4xx_hal_tim.c...
compiling stm32f4xx_hal_tim_ex.c...
compiling stm32f4xx_hal_uart.c...
compiling stm32f4xx_hal_usart.c...
compiling stm32f4xx_hal_wwdg.c...
compiling stm32f4xx_ll_sdmmc.c...
compiling stm32f4xx_ll_usb.c...
compiling stm32f4xx_hal_i2s_ex.c...
compiling stm32f4xx_ll_fsmc.c...
compiling main.c...
compiling stm32f4xx_hal_msp.c...
compiling stm32f4xx_it.c...
compiling ethernetif.c...
compiling app_ethernet.c...
compiling concentrator.c...
compiling resp.c...
compiling api_lib.c...
compiling api_msg.c...
compiling err.c...
compiling netbuf.c...
compiling netdb.c...
compiling netifapi.c...
compiling sockets.c...
compiling tcpip.c...
compiling def.c...
compiling dhcp.c...
compiling dns.c...
compiling init.c...
compiling lwip_timers.c...
compiling mem.c...
compiling memp.c...
compiling netif.c...
compiling pbuf.c...
compiling raw.c...
compiling stats.c...
compiling sys.c...
compiling tcp.c...
compiling tcp_in.c...
compiling tcp_out.c...
compiling udp.c...
compiling autoip.c...
compiling icmp.c...
compiling igmp.c...
compiling inet.c...
compiling inet_chksum.c...
compiling ip.c...
compiling ip_addr.c...
compiling ip_frag.c...
compiling etharp.c...
linking...
Program Size: Code=35054 RO-data=730 RW-data=236 ZI-data=33684  
"STM3240G-EVAL\STM3240G-EVAL.axf" - 0 Error(s), 0 Warning(s).
f: Error: L6405E: No .ANY selector matches tcp_in.o(i.tcp_process).
STM3240G-EVAL\STM3240G-EVAL.axf: Error: L6405E: No .ANY selector matches tcp_in.o(i.tcp_input).
STM3240G-EVAL\STM3240G-EVAL.axf: Error: L6405E: No .ANY selector matches stm32f4xx_hal_rcc.o(i.HAL_RCC_OscConfig).
STM3240G-EVAL\STM3240G-EVAL.axf: Error: L6405E: No .ANY selector matches tcp.o(i.tcp_slowtmr).
STM3240G-EVAL\STM3240G-EVAL.axf: Error: L6405E: No .ANY selector matches stm32f4xx_hal_rcc.o(i.HAL_RCC_ClockConfig).
STM3240G-EVAL\STM3240G-EVAL.axf: Error: L6405E: No .ANY selector matches stm32f4xx_hal_eth.o(i.HAL_ETH_Init).
STM3240G-EVAL\STM3240G-EVAL.axf: Error: L6405E: No .ANY selector matches tcp.o(i.tcp_close_shutdown).
STM3240G-EVAL\STM3240G-EVAL.axf: Error: L6405E: No .ANY selector matches stm32f4xx_hal_eth.o(i.ETH_MACDMAConfig).
STM3240G-EVAL\STM3240G-EVAL.axf: Error: L6405E: No .ANY selector matches ip.o(i.ip_input).
STM3240G-EVAL\STM3240G-EVAL.axf: Error: L6405E: No .ANY selector matches stm32f4xx_hal_gpio.o(i.HAL_GPIO_Init).
STM3240G-EVAL\STM3240G-EVAL.axf: Error: L6405E: No .ANY selector matches udp.o(i.udp_input).
STM3240G-EVAL\STM3240G-EVAL.axf: Error: L6405E: No .ANY selector matches ip_frag.o(i.ip_reass).
STM3240G-EVAL\STM3240G-EVAL.axf: Error: L6405E: No .ANY selector matches tcp_out.o(i.tcp_output).
STM3240G-EVAL\STM3240G-EVAL.axf: Error: L6405E: No .ANY selector matches ip_frag.o(i.ip_frag).
STM3240G-EVAL\STM3240G-EVAL.axf: Error: L6405E: No .ANY selector matches etharp.o(i.etharp_find_entry).
STM3240G-EVAL\STM3240G-EVAL.axf: Error: L6405E: No .ANY selector matches etharp.o(i.etharp_query).
STM3240G-EVAL\STM3240G-EVAL.axf: Error: L6405E: No .ANY selector matches pbuf.o(i.pbuf_alloc).
STM3240G-EVAL\STM3240G-EVAL.axf: Error: L6405E: No .ANY selector matches icmp.o(i.icmp_input).
STM3240G-EVAL\STM3240G-EVAL.axf: Error: L6405E: No .ANY selector matches stm32f4xx_hal_tim.o(i.HAL_TIM_IRQHandler).
STM3240G-EVAL\STM3240G-EVAL.axf: Error: L6405E: No .ANY selector matches tcp_in.o(i.tcp_listen_input).
STM3240G-EVAL\STM3240G-EVAL.axf: Error: L6405E: No .ANY selector matches etharp.o(i.etharp_output).
STM3240G-EVAL\STM3240G-EVAL.axf: Error: L6405E: No .ANY selector matches ip_frag.o(i.ip_reass_chain_frag_into_datagram_and_validate).
STM3240G-EVAL\STM3240G-EVAL.axf: Error: L6405E: No .ANY selector matches mem.o(i.mem_trim).
STM3240G-EVAL\STM3240G-EVAL.axf: Error: L6405E: No .ANY selector matches dhcp.o(i.dhcp_create_msg).
STM3240G-EVAL\STM3240G-EVAL.axf: Error: L6405E: No .ANY selector matches stm32f4xx_hal_eth.o(i.HAL_ETH_ConfigMAC).
STM3240G-EVAL\STM3240G-EVAL.axf: Error: L6405E: No .ANY selector matches stm32f4xx_hal_eth.o(i.HAL_ETH_TransmitFrame).
STM3240G-EVAL\STM3240G-EVAL.axf: Error: L6405E: No .ANY selector matches etharp.o(i.etharp_arp_input).
STM3240G-EVAL\STM3240G-EVAL.axf: Error: L6405E: No .ANY selector matches ethernetif.o(i.low_level_init).
STM3240G-EVAL\STM3240G-EVAL.axf: Error: L6405E: No .ANY selector matches ethernetif.o(i.low_level_input).
STM3240G-EVAL\STM3240G-EVAL.axf: Error: L6405E: No .ANY selector matches tcp_out.o(i.tcp_enqueue_flags).
STM3240G-EVAL\STM3240G-EVAL.axf: Error: L6405E: No .ANY selector matches ethernetif.o(i.ethernetif_update_config).
STM3240G-EVAL\STM3240G-EVAL.axf: Error: L6405E: No .ANY selector matches mem.o(i.mem_malloc).
STM3240G-EVAL\STM3240G-EVAL.axf: Error: L6405E: No .ANY selector matches stm32f4xx_hal_tim.o(i.TIM_Base_SetConfig).
STM3240G-EVAL\STM3240G-EVAL.axf: Error: L6405E: No .ANY selector matches ethernetif.o(i.HAL_ETH_MspInit).
STM3240G-EVAL\STM3240G-EVAL.axf: Error: L6405E: No .ANY selector matches main.o(i.main).
STM3240G-EVAL\STM3240G-EVAL.axf: Error: L6405E: No .ANY selector matches ethernetif.o(i.low_level_output).
STM3240G-EVAL\STM3240G-EVAL.axf: Error: L6405E: No .ANY selector matches dhcp.o(i.dhcp_select).
STM3240G-EVAL\STM3240G-EVAL.axf: Error: L6405E: No .ANY selector matches dhcp.o(i.dhcp_bind).
STM3240G-EVAL\STM3240G-EVAL.axf: Error: L6405E: No .ANY selector matches stm324xg_eval.o(i.BSP_PB_Init).
STM3240G-EVAL\STM3240G-EVAL.axf: Error: L6405E: No .ANY selector matches udp.o(i.udp_sendto_if).
STM3240G-EVAL\STM3240G-EVAL.axf: Error: L6405E: No .ANY selector matches stm32f4xx_hal_rcc.o(i.HAL_RCC_GetSysClockFreq).
STM3240G-EVAL\STM3240G-EVAL.axf: Error: L6405E: No .ANY selector matches dhcp.o(i.dhcp_discover).
STM3240G-EVAL\STM3240G-EVAL.axf: Error: L6405E: No .ANY selector matches tcp_in.o(i.tcp_timewait_input).
STM3240G-EVAL\STM3240G-EVAL.axf: Error: L6405E: No .ANY selector matches ip.o(i.ip_output_if).
STM3240G-EVAL\STM3240G-EVAL.axf: Error: L6405E: No .ANY selector matches tcp_in.o(i.tcp_parseopt).
STM3240G-EVAL\STM3240G-EVAL.axf: Error: L6405E: No .ANY selector matches tcp_out.o(i.tcp_output_segment).
STM3240G-EVAL\STM3240G-EVAL.axf: Error: L6405E: No .ANY selector matches tcp.o(i.tcp_alloc).
STM3240G-EVAL\STM3240G-EVAL.axf: Error: L6405E: No .ANY selector matches lwip_timers.o(i.sys_timeout).
STM3240G-EVAL\STM3240G-EVAL.axf: Error: L6405E: No .ANY selector matches pbuf.o(i.pbuf_copy).
STM3240G-EVAL\STM3240G-EVAL.axf: Error: L6405E: No .ANY selector matches dhcp.o(i.dhcp_release).
STM3240G-EVAL\STM3240G-EVAL.axf: Error: L6405E: No .ANY selector matches dhcp.o(i.dhcp_timeout).
STM3240G-EVAL\STM3240G-EVAL.axf: Error: L6405E: No .ANY selector matches etharp.o(i.etharp_update_arp_entry).
STM3240G-EVAL\STM3240G-EVAL.axf: Error: L6405E: No .ANY selector matches mem.o(i.plug_holes).
STM3240G-EVAL\STM3240G-EVAL.axf: Error: L6405E: No .ANY selector matches stm32f4xx_hal_rcc.o(i.HAL_RCC_MCOConfig).
STM3240G-EVAL\STM3240G-EVAL.axf: Error: L6405E: No .ANY selector matches etharp.o(i.ethernet_input).
STM3240G-EVAL\STM3240G-EVAL.axf: Error: L6405E: No .ANY selector matches dhcp.o(i.dhcp_reboot).
STM3240G-EVAL\STM3240G-EVAL.axf: Error: L6405E: No .ANY selector matches etharp.o(i.etharp_raw).
STM3240G-EVAL\STM3240G-EVAL.axf: Error: L6405E: No .ANY selector matches tcp_out.o(i.tcp_create_segment).
STM3240G-EVAL\STM3240G-EVAL.axf: Error: L6405E: No .ANY selector matches tcp_out.o(i.tcp_zero_window_probe).
STM3240G-EVAL\STM3240G-EVAL.axf: Error: L6405E: No .ANY selector matches stm32f4xx_hal_eth.o(i.HAL_ETH_GetReceivedFrame).
STM3240G-EVAL\STM3240G-EVAL.axf: Error: L6405E: No .ANY selector matches tcp.o(i.tcp_pcb_remove).
STM3240G-EVAL\STM3240G-EVAL.axf: Error: L6405E: No .ANY selector matches ip_frag.o(i.ip_reass_free_complete_datagram).
STM3240G-EVAL\STM3240G-EVAL.axf: Error: L6405E: No .ANY selector matches etharp.o(i.etharp_tmr).
STM3240G-EVAL\STM3240G-EVAL.axf: Error: L6405E: No .ANY selector matches stm324xg_eval.o(i.BSP_LED_Init).
STM3240G-EVAL\STM3240G-EVAL.axf: Error: L6405E: No .ANY selector matches udp.o(i.udp_bind).
STM3240G-EVAL\STM3240G-EVAL.axf: Error: L6405E: No .ANY selector matches netif.o(i.netif_add).
STM3240G-EVAL\STM3240G-EVAL.axf: Error: L6405E: No .ANY selector matches tcp.o(i.tcp_abandon).
STM3240G-EVAL\STM3240G-EVAL.axf: Error: L6405E: No .ANY selector matches tcp.o(i.tcp_fasttmr).
STM3240G-EVAL\STM3240G-EVAL.axf: Error: L6405E: No .ANY selector matches stm32f4xx_hal_tim.o(i.HAL_TIM_OC_Start_IT).
STM3240G-EVAL\STM3240G-EVAL.axf: Error: L6405E: No .ANY selector matches dhcp.o(i.dhcp_rebind).
STM3240G-EVAL\STM3240G-EVAL.axf: Error: L6405E: No .ANY selector matches main.o(i.ETH_Config).
STM3240G-EVAL\STM3240G-EVAL.axf: Error: L6405E: No .ANY selector matches dhcp.o(i.dhcp_renew).
STM3240G-EVAL\STM3240G-EVAL.axf: Error: L6405E: No .ANY selector matches pbuf.o(i.pbuf_free).
STM3240G-EVAL\STM3240G-EVAL.axf: Error: L6405E: No .ANY selector matches dhcp.o(i.dhcp_decline).
STM3240G-EVAL\STM3240G-EVAL.axf: Error: L6405E: No .ANY selector matches tcp.o(i.tcp_process_refused_data).
STM3240G-EVAL\STM3240G-EVAL.axf: Error: L6405E: No .ANY selector matches stm32f4xx_hal_eth.o(i.HAL_ETH_ReadPHYRegister).
STM3240G-EVAL\STM3240G-EVAL.axf: Error: L6405E: No .ANY selector matches pbuf.o(i.pbuf_copy_partial).
STM3240G-EVAL\STM3240G-EVAL.axf: Error: L6405E: No .ANY selector matches stm32f4xx_hal_eth.o(i.HAL_ETH_WritePHYRegister).
STM3240G-EVAL\STM3240G-EVAL.axf: Error: L6405E: No .ANY selector matches etharp.o(i.etharp_free_entry).
STM3240G-EVAL\STM3240G-EVAL.axf: Error: L6405E: No .ANY selector matches system_stm32f4xx.o(i.SystemInit).
STM3240G-EVAL\STM3240G-EVAL.axf: Error: L6405E: No .ANY selector matches stm32f4xx_hal_eth.o(i.HAL_ETH_DMARxDescListInit).
STM3240G-EVAL\STM3240G-EVAL.axf: Error: L6405E: No .ANY selector matches concentrator.o(i.concentrator_send).
STM3240G-EVAL\STM3240G-EVAL.axf: Error: L6405E: No .ANY selector matches main.o(i.SystemClock_Config).
STM3240G-EVAL\STM3240G-EVAL.axf: Error: L6405E: No .ANY selector matches netif.o(i.netif_set_ipaddr).
STM3240G-EVAL\STM3240G-EVAL.axf: Error: L6405E: No .ANY selector matches icmp.o(i.icmp_send_response).
STM3240G-EVAL\STM3240G-EVAL.axf: Error: L6405E: No .ANY selector matches pbuf.o(i.pbuf_header).
STM3240G-EVAL\STM3240G-EVAL.axf: Error: L6405E: No .ANY selector matches stm32f4xx_hal_eth.o(i.HAL_ETH_DMATxDescListInit).
STM3240G-EVAL\STM3240G-EVAL.axf: Error: L6405E: No .ANY selector matches raw.o(i.raw_input).
STM3240G-EVAL\STM3240G-EVAL.axf: Error: L6405E: No .ANY selector matches tcp_out.o(i.tcp_rst).
STM3240G-EVAL\STM3240G-EVAL.axf: Error: L6405E: No .ANY selector matches stm32f4xx_hal_cortex.o(i.HAL_NVIC_SetPriority).
STM3240G-EVAL\STM3240G-EVAL.axf: Error: L6405E: No .ANY selector matches ip_frag.o(i.ip_reass_remove_oldest_datagram).
STM3240G-EVAL\STM3240G-EVAL.axf: Error: L6405E: No .ANY selector matches stm32f4xx_hal_tim.o(i.TIM_OC2_SetConfig).
STM3240G-EVAL\STM3240G-EVAL.axf: Error: L6405E: No .ANY selector matches main.o(i.BSP_Config).
STM3240G-EVAL\STM3240G-EVAL.axf: Error: L6405E: No .ANY selector matches lwip_timers.o(i.sys_check_timeouts).
STM3240G-EVAL\STM3240G-EVAL.axf: Error: L6405E: No .ANY selector matches etharp.o(i.etharp_output_to_arp_index).
STM3240G-EVAL\STM3240G-EVAL.axf: Error: L6405E: No .ANY selector matches stm32f4xx_hal_tim.o(i.TIM_OC3_SetConfig).
STM3240G-EVAL\STM3240G-EVAL.axf: Error: L6405E: No .ANY selector matches pbuf.o(i.pbuf_realloc).
STM3240G-EVAL\STM3240G-EVAL.axf: Error: L6405E: No .ANY selector matches tcp_out.o(i.tcp_output_alloc_header).
STM3240G-EVAL\STM3240G-EVAL.axf: Error: L6405E: No .ANY selector matches tcp_out.o(i.tcp_rexmit_fast).
STM3240G-EVAL\STM3240G-EVAL.axf: Error: L6405E: No .ANY selector matches memp.o(i.memp_init).
STM3240G-EVAL\STM3240G-EVAL.axf: Error: L6405E: No .ANY selector matches stm32f4xx_hal_tim.o(i.HAL_TIM_OC_ConfigChannel).
STM3240G-EVAL\STM3240G-EVAL.axf: Error: L6405E: No .ANY selector matches mem.o(i.mem_init).
STM3240G-EVAL\STM3240G-EVAL.axf: Error: L6405E: No .ANY selector matches pbuf.o(i.pbuf_alloced_custom).
STM3240G-EVAL\STM3240G-EVAL.axf: Error: L6405E: No .ANY selector matches pbuf.o(i.pbuf_take).
STM3240G-EVAL\STM3240G-EVAL.axf: Error: L6405E: No .ANY selector matches udp.o(i.udp_connect).
STM3240G-EVAL\STM3240G-EVAL.axf: Error: L6405E: No .ANY selector matches stm32f4xx_hal_tim.o(i.TIM_OC1_SetConfig).
STM3240G-EVAL\STM3240G-EVAL.axf: Error: L6405E: No .ANY selector matches udp.o(i.udp_new_port).
STM3240G-EVAL\STM3240G-EVAL.axf: Error: L6405E: No .ANY selector matches stm32f4xx_hal_msp.o(i.HAL_TIM_OC_MspInit).
STM3240G-EVAL\STM3240G-EVAL.axf: Error: L6405E: No .ANY selector matches concentrator.o(i.concentrator_ping).
STM3240G-EVAL\STM3240G-EVAL.axf: Error: L6405E: No .ANY selector matches ip.o(i.ip_route).
STM3240G-EVAL\STM3240G-EVAL.axf: Error: L6405E: No .ANY selector matches mem.o(i.mem_free).
STM3240G-EVAL\STM3240G-EVAL.axf: Error: L6405E: No .ANY selector matches stm32f4xx_hal_tim.o(i.TIM_OC4_SetConfig).
STM3240G-EVAL\STM3240G-EVAL.axf: Error: L6405E: No .ANY selector matches tcp.o(i.tcp_kill_prio).
STM3240G-EVAL\STM3240G-EVAL.axf: Error: L6405E: No .ANY selector matches ip_frag.o(i.ip_reass_enqueue_new_datagram).
STM3240G-EVAL\STM3240G-EVAL.axf: Error: L6405E: No .ANY selector matches inet_chksum.o(i.lwip_standard_chksum).
STM3240G-EVAL\STM3240G-EVAL.axf: Error: L6405E: No .ANY selector matches app_ethernet.o(i.ethernetif_notify_conn_changed).
STM3240G-EVAL\STM3240G-EVAL.axf: Error: L6405E: No .ANY selector matches lwip_timers.o(i.sys_timeouts_init).
STM3240G-EVAL\STM3240G-EVAL.axf: Error: L6405E: No .ANY selector matches tcp_out.o(i.tcp_rexmit).
STM3240G-EVAL\STM3240G-EVAL.axf: Error: L6405E: No .ANY selector matches tcp.o(i.tcp_pcb_purge).
STM3240G-EVAL\STM3240G-EVAL.axf: Error: L6405E: No .ANY selector matches concentrator.o(i.concentrator_init).
STM3240G-EVAL\STM3240G-EVAL.axf: Error: L6405E: No .ANY selector matches inet_chksum.o(i.inet_chksum_pbuf).
STM3240G-EVAL\STM3240G-EVAL.axf: Error: L6405E: No .ANY selector matches tcp_out.o(i.tcp_send_empty_ack).
STM3240G-EVAL\STM3240G-EVAL.axf: Error: L6405E: No .ANY selector matches stm32f4xx_hal_eth.o(i.HAL_ETH_Start).
STM3240G-EVAL\STM3240G-EVAL.axf: Error: L6405E: No .ANY selector matches stm32f4xx_hal_eth.o(i.HAL_ETH_Stop).
STM3240G-EVAL\STM3240G-EVAL.axf: Error: L6405E: No .ANY selector matches dhcp.o(i.dhcp_coarse_tmr).
STM3240G-EVAL\STM3240G-EVAL.axf: Error: L6405E: No .ANY selector matches dhcp.o(i.dhcp_network_changed).
STM3240G-EVAL\STM3240G-EVAL.axf: Error: L6405E: No .ANY selector matches netif.o(i.netif_set_link_up).
STM3240G-EVAL\STM3240G-EVAL.axf: Error: L6405E: No .ANY selector matches tcp.o(i.tcp_update_rcv_ann_wnd).
STM3240G-EVAL\STM3240G-EVAL.axf: Error: L6405E: No .ANY selector matches tcp_out.o(i.tcp_keepalive).
STM3240G-EVAL\STM3240G-EVAL.axf: Error: L6405E: No .ANY selector matches ip_addr.o(i.ip4_addr_isbroadcast).
STM3240G-EVAL\STM3240G-EVAL.axf: Error: L6405E: No .ANY selector matches dhcp.o(i.dhcp_fine_tmr).
STM3240G-EVAL\STM3240G-EVAL.axf: Error: L6405E: No .ANY selector matches tcp.o(i.tcp_recved).
STM3240G-EVAL\STM3240G-EVAL.axf: Error: L6405E: No .ANY selector matches tcp_out.o(i.tcp_send_fin).
STM3240G-EVAL\STM3240G-EVAL.axf: Error: L6405E: No .ANY selector matches ethernetif.o(i.ethernetif_set_link).
STM3240G-EVAL\STM3240G-EVAL.axf: Error: L6405E: No .ANY selector matches tcp.o(i.tcp_kill_timewait).
STM3240G-EVAL\STM3240G-EVAL.axf: Error: L6405E: No .ANY selector matches dhcp.o(i.dhcp_check).
STM3240G-EVAL\STM3240G-EVAL.axf: Error: L6405E: No .ANY selector matches dhcp.o(i.dhcp_option_trailer).
STM3240G-EVAL\STM3240G-EVAL.axf: Error: L6405E: No .ANY selector matches lwip_timers.o(i.tcp_timer_needed).
STM3240G-EVAL\STM3240G-EVAL.axf: Error: L6405E: No .ANY selector matches stm32f4xx_hal.o(i.HAL_Init).
STM3240G-EVAL\STM3240G-EVAL.axf: Error: L6405E: No .ANY selector matches dhcp.o(i.dhcp_option_long).
STM3240G-EVAL\STM3240G-EVAL.axf: Error: L6405E: No .ANY selector matches lwip_timers.o(i.tcpip_tcp_timer).
STM3240G-EVAL\STM3240G-EVAL.axf: Error: L6405E: No .ANY selector matches ip_frag.o(i.ip_reass_tmr).
STM3240G-EVAL\STM3240G-EVAL.axf: Error: L6405E: No .ANY selector matches stm32f4xx_hal_rcc.o(i.HAL_RCC_GetHCLKFreq).
STM3240G-EVAL\STM3240G-EVAL.axf: Error: L6405E: No .ANY selector matches ip.o(i.ip_output).
STM3240G-EVAL\STM3240G-EVAL.axf: Error: L6405E: No .ANY selector matches etharp.o(i.etharp_send_ip).
STM3240G-EVAL\STM3240G-EVAL.axf: Error: L6405E: No .ANY selector matches dhcp.o(i.dhcp_arp_reply).
STM3240G-EVAL\STM3240G-EVAL.axf: Error: L6405E: No .ANY selector matches tcp_out.o(i.tcp_rexmit_rto).
STM3240G-EVAL\STM3240G-EVAL.axf: Error: L6405E: No .ANY selector matches etharp.o(i.etharp_cleanup_netif).
STM3240G-EVAL\STM3240G-EVAL.axf: Error: L6405E: No .ANY selector matches stm32f4xx_hal_eth.o(i.ETH_FlushTransmitFIFO).
STM3240G-EVAL\STM3240G-EVAL.axf: Error: L6405E: No .ANY selector matches stm32f4xx_hal_eth.o(i.ETH_MACAddressConfig).
STM3240G-EVAL\STM3240G-EVAL.axf: Error: L6405E: No .ANY selector matches memp.o(i.memp_malloc).
STM3240G-EVAL\STM3240G-EVAL.axf: Error: L6405E: No .ANY selector matches pbuf.o(i.pbuf_cat).
STM3240G-EVAL\STM3240G-EVAL.axf: Error: L6405E: No .ANY selector matches netif.o(i.netif_set_up).
STM3240G-EVAL\STM3240G-EVAL.axf: Error: L6405E: No .ANY selector matches udp.o(i.udp_sendto).
STM3240G-EVAL\STM3240G-EVAL.axf: Error: L6405E: No .ANY selector matches stm32f4xx_hal_cortex.o(i.HAL_SYSTICK_Config).
STM3240G-EVAL\STM3240G-EVAL.axf: Error: L6405E: No .ANY selector matches ip_frag.o(i.ip_reass_dequeue_datagram).
STM3240G-EVAL\STM3240G-EVAL.axf: Error: L6405E: No .ANY selector matches etharp.o(i.etharp_request).
STM3240G-EVAL\STM3240G-EVAL.axf: Error: L6405E: No .ANY selector matches ethernetif.o(i.ethernetif_init).
STM3240G-EVAL\STM3240G-EVAL.axf: Error: L6405E: No .ANY selector matches stm32f4xx_hal_cortex.o(i.HAL_NVIC_SetPriorityGrouping).
STM3240G-EVAL\STM3240G-EVAL.axf: Error: L6405E: No .ANY selector matches stm32f4xx_hal_tim.o(i.HAL_TIM_OC_Init).
STM3240G-EVAL\STM3240G-EVAL.axf: Error: L6405E: No .ANY selector matches tcp.o(i.tcp_eff_send_mss).
STM3240G-EVAL\STM3240G-EVAL.axf: Error: L6405E: No .ANY selector matches tcp.o(i.tcp_recv_null).
STM3240G-EVAL\STM3240G-EVAL.axf: Error: L6405E: No .ANY selector matches stm32f4xx_hal_cortex.o(i.NVIC_SetPriority).
STM3240G-EVAL\STM3240G-EVAL.axf: Error: L6405E: No .ANY selector matches ethernetif.o(i.ethernetif_input).
STM3240G-EVAL\STM3240G-EVAL.axf: Error: L6405E: No .ANY selector matches main.o(i.HAL_GPIO_EXTI_Callback).
STM3240G-EVAL\STM3240G-EVAL.axf: Error: L6405E: No .ANY selector matches netif.o(i.netif_set_down).
STM3240G-EVAL\STM3240G-EVAL.axf: Error: L6405E: No .ANY selector matches netif.o(i.netif_set_link_down).
STM3240G-EVAL\STM3240G-EVAL.axf: Error: L6405E: No .ANY selector matches tcp.o(i.tcp_tmr).
STM3240G-EVAL\STM3240G-EVAL.axf: Error: L6405E: No .ANY selector matches stm32f4xx_hal_eth.o(i.ETH_MACReceptionDisable).
STM3240G-EVAL\STM3240G-EVAL.axf: Error: L6405E: No .ANY selector matches stm32f4xx_hal_eth.o(i.ETH_MACReceptionEnable).
STM3240G-EVAL\STM3240G-EVAL.axf: Error: L6405E: No .ANY selector matches stm32f4xx_hal_eth.o(i.ETH_MACTransmissionDisable).
STM3240G-EVAL\STM3240G-EVAL.axf: Error: L6405E: No .ANY selector matches stm32f4xx_hal_eth.o(i.ETH_MACTransmissionEnable).
STM3240G-EVAL\STM3240G-EVAL.axf: Error: L6405E: No .ANY selector matches dhcp.o(i.dhcp_delete_msg).
STM3240G-EVAL\STM3240G-EVAL.axf: Error: L6405E: No .ANY selector matches dhcp.o(i.dhcp_t1_timeout).
STM3240G-EVAL\STM3240G-EVAL.axf: Error: L6405E: No .ANY selector matches dhcp.o(i.dhcp_t2_timeout).
STM3240G-EVAL\STM3240G-EVAL.axf: Error: L6405E: No .ANY selector matches memp.o(i.memp_free).
STM3240G-EVAL\STM3240G-EVAL.axf: Error: L6405E: No .ANY selector matches netif.o(i.netif_set_addr).
STM3240G-EVAL\STM3240G-EVAL.axf: Error: L6405E: No .ANY selector matches tcp.o(i.tcp_next_iss).
STM3240G-EVAL\STM3240G-EVAL.axf: Error: L6405E: No .ANY selector matches stm324xg_eval.o(i.BSP_LED_Off).
STM3240G-EVAL\STM3240G-EVAL.axf: Error: L6405E: No .ANY selector matches stm324xg_eval.o(i.BSP_LED_On).
STM3240G-EVAL\STM3240G-EVAL.axf: Error: L6405E: No .ANY selector matches stm32f4xx_hal.o(i.HAL_InitTick).
STM3240G-EVAL\STM3240G-EVAL.axf: Error: L6405E: No .ANY selector matches stm32f4xx_hal_gpio.o(i.HAL_GPIO_EXTI_IRQHandler).
STM3240G-EVAL\STM3240G-EVAL.axf: Error: L6405E: No .ANY selector matches stm324xg_eval.o(i.BSP_LED_Toggle).
STM3240G-EVAL\STM3240G-EVAL.axf: Error: L6405E: No .ANY selector matches main.o(i.HAL_TIM_OC_DelayElapsedCallback).
STM3240G-EVAL\STM3240G-EVAL.axf: Error: L6405E: No .ANY selector matches dhcp.o(i.dhcp_option_short).
STM3240G-EVAL\STM3240G-EVAL.axf: Error: L6405E: No .ANY selector matches dhcp.o(i.dhcp_option).
STM3240G-EVAL\STM3240G-EVAL.axf: Error: L6405E: No .ANY selector matches lwip_timers.o(i.arp_timer).
STM3240G-EVAL\STM3240G-EVAL.axf: Error: L6405E: No .ANY selector matches lwip_timers.o(i.dhcp_timer_coarse).
STM3240G-EVAL\STM3240G-EVAL.axf: Error: L6405E: No .ANY selector matches lwip_timers.o(i.dhcp_timer_fine).
STM3240G-EVAL\STM3240G-EVAL.axf: Error: L6405E: No .ANY selector matches lwip_timers.o(i.ip_reass_timer).
STM3240G-EVAL\STM3240G-EVAL.axf: Error: L6405E: No .ANY selector matches ip_frag.o(i.ipfrag_free_pbuf_custom).
STM3240G-EVAL\STM3240G-EVAL.axf: Error: L6405E: No .ANY selector matches app_ethernet.o(i.User_notification).
STM3240G-EVAL\STM3240G-EVAL.axf: Error: L6405E: No .ANY selector matches concentrator.o(i.udp_receive_callback).
STM3240G-EVAL\STM3240G-EVAL.axf: Error: L6405E: No .ANY selector matches stm32f4xx_hal_tim.o(i.TIM_CCxChannelCmd).
STM3240G-EVAL\STM3240G-EVAL.axf: Error: L6405E: No .ANY selector matches main.o(i.Error_Handler).
STM3240G-EVAL\STM3240G-EVAL.axf: Error: L6405E: No .ANY selector matches init.o(i.lwip_init).
STM3240G-EVAL\STM3240G-EVAL.axf: Error: L6405E: No .ANY selector matches tcp.o(i.tcp_close).
STM3240G-EVAL\STM3240G-EVAL.axf: Error: L6405E: No .ANY selector matches udp.o(i.udp_new).
STM3240G-EVAL\STM3240G-EVAL.axf: Error: L6405E: No .ANY selector matches stm32f4xx_hal.o(i.HAL_Delay).
STM3240G-EVAL\STM3240G-EVAL.axf: Error: L6405E: No .ANY selector matches stm32f4xx_hal_cortex.o(i.HAL_NVIC_EnableIRQ).
STM3240G-EVAL\STM3240G-EVAL.axf: Error: L6405E: No .ANY selector matches def.o(i.lwip_htonl).
STM3240G-EVAL\STM3240G-EVAL.axf: Error: L6405E: No .ANY selector matches pbuf.o(i.pbuf_chain).
STM3240G-EVAL\STM3240G-EVAL.axf: Error: L6405E: No .ANY selector matches tcp.o(i.tcp_seg_free).
STM3240G-EVAL\STM3240G-EVAL.axf: Error: L6405E: No .ANY selector matches stm32f4xx_hal.o(i.HAL_IncTick).
STM3240G-EVAL\STM3240G-EVAL.axf: Error: L6405E: No .ANY selector matches tcp.o(i.tcp_segs_free).
STM3240G-EVAL\STM3240G-EVAL.axf: Error: L6405E: No .ANY selector matches stm32f4xx_hal_eth.o(i.ETH_DMAReceptionDisable).
STM3240G-EVAL\STM3240G-EVAL.axf: Error: L6405E: No .ANY selector matches stm32f4xx_hal_eth.o(i.ETH_DMAReceptionEnable).
STM3240G-EVAL\STM3240G-EVAL.axf: Error: L6405E: No .ANY selector matches stm32f4xx_hal_eth.o(i.ETH_DMATransmissionDisable).
STM3240G-EVAL\STM3240G-EVAL.axf: Error: L6405E: No .ANY selector matches stm32f4xx_hal_eth.o(i.ETH_DMATransmissionEnable).
STM3240G-EVAL\STM3240G-EVAL.axf: Error: L6405E: No .ANY selector matches stm32f4xx_it.o(i.EXTI15_10_IRQHandler).
STM3240G-EVAL\STM3240G-EVAL.axf: Error: L6405E: No .ANY selector matches udp.o(i.udp_send).
STM3240G-EVAL\STM3240G-EVAL.axf: Error: L6405E: No .ANY selector matches inet_chksum.o(i.inet_chksum).
STM3240G-EVAL\STM3240G-EVAL.axf: Error: L6405E: No .ANY selector matches dhcp.o(i.dhcp_option_byte).
STM3240G-EVAL\STM3240G-EVAL.axf: Error: L6405E: No .ANY selector matches pbuf.o(i.pbuf_clen).
STM3240G-EVAL\STM3240G-EVAL.axf: Error: L6405E: No .ANY selector matches icmp.o(i.icmp_dest_unreach).
STM3240G-EVAL\STM3240G-EVAL.axf: Error: L6405E: No .ANY selector matches icmp.o(i.icmp_time_exceeded).
STM3240G-EVAL\STM3240G-EVAL.axf: Error: L6405E: No .ANY selector matches ip_frag.o(i.ip_frag_free_pbuf_custom_ref).
STM3240G-EVAL\STM3240G-EVAL.axf: Error: L6405E: No .ANY selector matches stm32f4xx_hal_cortex.o(i.NVIC_GetPriorityGrouping).
STM3240G-EVAL\STM3240G-EVAL.axf: Error: L6405E: No .ANY selector matches stm32f4xx_it.o(i.TIM3_IRQHandler).
STM3240G-EVAL\STM3240G-EVAL.axf: Error: L6405E: No .ANY selector matches dhcp.o(i.dhcp_set_state).
STM3240G-EVAL\STM3240G-EVAL.axf: Error: L6405E: No .ANY selector matches netif.o(i.netif_set_default).
STM3240G-EVAL\STM3240G-EVAL.axf: Error: L6405E: No .ANY selector matches netif.o(i.netif_set_gw).
STM3240G-EVAL\STM3240G-EVAL.axf: Error: L6405E: No .ANY selector matches netif.o(i.netif_set_netmask).
STM3240G-EVAL\STM3240G-EVAL.axf: Error: L6405E: No .ANY selector matches tcp.o(i.tcp_abort).
STM3240G-EVAL\STM3240G-EVAL.axf: Error: L6405E: No .ANY selector matches stm32f4xx_hal.o(i.HAL_GetTick).
STM3240G-EVAL\STM3240G-EVAL.axf: Error: L6405E: No .ANY selector matches def.o(i.lwip_htons).
STM3240G-EVAL\STM3240G-EVAL.axf: Error: L6405E: No .ANY selector matches def.o(i.lwip_ntohl).
STM3240G-EVAL\STM3240G-EVAL.axf: Error: L6405E: No .ANY selector matches def.o(i.lwip_ntohs).
STM3240G-EVAL\STM3240G-EVAL.axf: Error: L6405E: No .ANY selector matches stm32f4xx_hal_gpio.o(i.HAL_GPIO_WritePin).
STM3240G-EVAL\STM3240G-EVAL.axf: Error: L6405E: No .ANY selector matches pbuf.o(i.pbuf_ref).
STM3240G-EVAL\STM3240G-EVAL.axf: Error: L6405E: No .ANY selector matches ip_frag.o(i.ip_frag_alloc_pbuf_custom_ref).
STM3240G-EVAL\STM3240G-EVAL.axf: Error: L6405E: No .ANY selector matches stm32f4xx_hal_gpio.o(i.HAL_GPIO_TogglePin).
STM3240G-EVAL\STM3240G-EVAL.axf: Error: L6405E: No .ANY selector matches stm32f4xx_it.o(i.SysTick_Handler).
STM3240G-EVAL\STM3240G-EVAL.axf: Error: L6405E: No .ANY selector matches ethernetif.o(i.sys_now).
STM3240G-EVAL\STM3240G-EVAL.axf: Error: L6405E: No .ANY selector matches netif.o(i.netif_set_link_callback).
STM3240G-EVAL\STM3240G-EVAL.axf: Error: L6405E: No .ANY selector matches udp.o(i.udp_recv).
STM3240G-EVAL\STM3240G-EVAL.axf: Error: L6405E: No .ANY selector matches stm32f4xx_it.o(i.BusFault_Handler).
STM3240G-EVAL\STM3240G-EVAL.axf: Error: L6405E: No .ANY selector matches stm32f4xx_it.o(i.HardFault_Handler).
STM3240G-EVAL\STM3240G-EVAL.axf: Error: L6405E: No .ANY selector matches stm32f4xx_it.o(i.MemManage_Handler).
STM3240G-EVAL\STM3240G-EVAL.axf: Error: L6405E: No .ANY selector matches stm32f4xx_it.o(i.UsageFault_Handler).
STM3240G-EVAL\STM3240G-EVAL.axf: Error: L6405E: No .ANY selector matches stm32f4xx_hal_tim.o(i.HAL_TIM_IC_CaptureCallback).
STM3240G-EVAL\STM3240G-EVAL.axf: Error: L6405E: No .ANY selector matches stm32f4xx_hal_tim.o(i.HAL_TIM_PWM_PulseFinishedCallback).
STM3240G-EVAL\STM3240G-EVAL.axf: Error: L6405E: No .ANY selector matches stm32f4xx_hal_tim.o(i.HAL_TIM_PeriodElapsedCallback).
STM3240G-EVAL\STM3240G-EVAL.axf: Error: L6405E: No .ANY selector matches stm32f4xx_hal_tim.o(i.HAL_TIM_TriggerCallback).
STM3240G-EVAL\STM3240G-EVAL.axf: Error: L6405E: No .ANY selector matches stm32f4xx_hal_tim_ex.o(i.HAL_TIMEx_BreakCallback).
STM3240G-EVAL\STM3240G-EVAL.axf: Error: L6405E: No .ANY selector matches stm32f4xx_hal_tim_ex.o(i.HAL_TIMEx_CommutationCallback).
STM3240G-EVAL\STM3240G-EVAL.axf: Error: L6405E: No .ANY selector matches stm32f4xx_hal_msp.o(i.HAL_MspInit).
STM3240G-EVAL\STM3240G-EVAL.axf: Error: L6405E: No .ANY selector matches stm32f4xx_it.o(i.DebugMon_Handler).
STM3240G-EVAL\STM3240G-EVAL.axf: Error: L6405E: No .ANY selector matches stm32f4xx_it.o(i.NMI_Handler).
STM3240G-EVAL\STM3240G-EVAL.axf: Error: L6405E: No .ANY selector matches stm32f4xx_it.o(i.PendSV_Handler).
STM3240G-EVAL\STM3240G-EVAL.axf: Error: L6405E: No .ANY selector matches stm32f4xx_it.o(i.SVC_Handler).
STM3240G-EVAL\STM3240G-EVAL.axf: Error: L6405E: No .ANY selector matches netif.o(i.netif_init).
STM3240G-EVAL\STM3240G-EVAL.axf: Error: L6405E: No .ANY selector matches tcp.o(i.tcp_init).
STM3240G-EVAL\STM3240G-EVAL.axf: Error: L6405E: No .ANY selector matches udp.o(i.udp_init).
Not enough information to list image symbols.
Not enough information to list the image map.
Finished: 2 information, 0 warning and 255 error messages.
"STM3240G-EVAL\STM3240G-EVAL.axf" - 255 Error(s), 0 Warning(s).
Target not created.
