<html>
<body>
<pre>
<h1>µVision Build Log</h1>
<h2>Project:</h2>
C:\Users\Martin\Desktop\BP\ST\test\STM32Cube_FW_F4_V1.3.0\Projects\STM324xG_EVAL\Applications\LwIP\LwIP_UDP_Echo_Client\MDK-ARM\Project.uvproj
Project File Date:  06/26/2014

<h2>Output:</h2>
Build target 'STM324xG_EVAL'
assembling startup_stm32f407xx.s...
compiling app_ethernet.c...
compiling ethernetif.c...
compiling main.c...
compiling stm32f4xx_it.c...
compiling udp_echoclient.c...
compiling ili9325.c...
compiling stmpe811.c...
compiling stm324xg_eval.c...
compiling stm324xg_eval_io.c...
compiling system_stm32f4xx.c...
compiling stm32f4xx_hal.c...
compiling stm32f4xx_hal_cortex.c...
compiling stm32f4xx_hal_dma.c...
compiling stm32f4xx_hal_eth.c...
compiling stm32f4xx_hal_flash.c...
compiling stm32f4xx_hal_flash_ex.c...
compiling stm32f4xx_hal_gpio.c...
compiling stm32f4xx_hal_i2c.c...
compiling stm32f4xx_hal_i2s.c...
compiling stm32f4xx_hal_i2s_ex.c...
compiling stm32f4xx_hal_pwr.c...
compiling stm32f4xx_hal_rcc.c...
compiling stm32f4xx_hal_sram.c...
compiling stm32f4xx_hal_uart.c...
compiling stm32f4xx_ll_fsmc.c...
compiling api_lib.c...
compiling api_msg.c...
compiling err.c...
compiling netbuf.c...
compiling netdb.c...
compiling netifapi.c...
compiling sockets.c...
compiling tcpip.c...
compiling def.c...
compiling dhcp.c...
compiling dns.c...
compiling init.c...
compiling lwip_timers.c...
compiling mem.c...
compiling memp.c...
compiling netif.c...
compiling pbuf.c...
compiling raw.c...
compiling stats.c...
compiling sys.c...
compiling tcp.c...
compiling tcp_in.c...
compiling tcp_out.c...
compiling udp.c...
compiling autoip.c...
compiling icmp.c...
compiling igmp.c...
compiling inet.c...
compiling inet_chksum.c...
compiling ip.c...
compiling ip_addr.c...
compiling ip_frag.c...
compiling etharp.c...
linking...
Program Size: Code=24364 RO-data=732 RW-data=224 ZI-data=32536  
"STM324xG_EVAL\STM324xG_EVAL.axf" - 0 Error(s), 0 Warning(s).
Load "STM324xG_EVAL\\STM324xG_EVAL.axf" 
Erase Done.
Programming Done.
Verify OK.
</pre>
</body>
</html>
