<html>
<body>
<pre>
<h1>µVision Build Log</h1>
<h2>Tool Versions:</h2>
IDE-Version: µVision V5.12.0.0
Copyright (C) 2014 ARM Ltd and ARM Germany GmbH. All rights reserved.
License Information: Martin Zlámal, ZÈU, LIC=X96AR-K66L9-Z8LFH-WDDMA-G49UN-NYSAX
 
Tool Versions:
Toolchain:       MDK-ARM Standard  Version: 5.12.0.0
Toolchain Path:  C:\Keil_v5\ARM\ARMCC\Bin
C Compiler:      Armcc.exe V5.05 (build 41)
Assembler:       Armasm.exe V5.05 (build 41)
Linker/Locator:  ArmLink.exe V5.05 (build 41)
Library Manager: ArmAr.exe V5.05 (build 41)
Hex Converter:   FromElf.exe V5.05 (build 41)
CPU DLL:         SARMCM3.DLL V5.12.0.0
Dialog DLL:      DCM.DLL V1.13.0.0
    Target DLL: STLink\ST-LINKIII-KEIL_SWO.dll
Dialog DLL:      TCM.DLL V1.14.2.0
 
<h2>Project:</h2>
C:\Users\Martin\Desktop\real-time-ws\ST\test\STM32Cube_FW_F4_V1.3.0\Projects\STM324xG_EVAL\BP\MDK-ARM\Project.uvproj
Project File Date:  11/07/2014

<h2>Output:</h2>
Build target 'STM3240G-EVAL'
compiling main.c...
linking...
Program Size: Code=35014 RO-data=734 RW-data=244 ZI-data=34196  
"STM3240G-EVAL\STM3240G-EVAL.axf" - 0 Error(s), 0 Warning(s).
Load "STM3240G-EVAL\\STM3240G-EVAL.axf" 
Erase Done.
Programming Done.
Verify OK.
</pre>
</body>
</html>
data=34196  
"STM3240G-EVAL\STM3240G-EVAL.axf" - 0 Error(s), 1 Warning(s).
Load "STM3240G-EVAL\\STM3240G-EVAL.axf" 
Erase Done.
Programming Done.
Verify OK.
g Done.
Verify OK.
sh Download failed  -  "Cortex-M4"
Load "STM3240G-EVAL\\STM3240G-EVAL.axf" 
Erase Done.
Programming Done.
Verify OK.
ing stm32f4xx_hal_crc.c...
compiling stm32f4xx_hal_dac.c...
compiling stm32f4xx_hal_dac_ex.c...
compiling stm32f4xx_hal_dcmi.c...
compiling stm32f4xx_hal_dma.c...
compiling stm32f4xx_hal_dma_ex.c...
compiling stm32f4xx_hal_eth.c...
compiling stm32f4xx_hal_flash.c...
compiling stm32f4xx_hal_flash_ex.c...
compiling stm32f4xx_hal_gpio.c...
compiling stm32f4xx_hal_hcd.c...
compiling stm32f4xx_hal_i2c.c...
compiling stm32f4xx_hal_i2s.c...
compiling stm32f4xx_hal_irda.c...
compiling stm32f4xx_hal_iwdg.c...
compiling stm32f4xx_hal_nand.c...
compiling stm32f4xx_hal_nor.c...
compiling stm32f4xx_hal_pccard.c...
compiling stm32f4xx_hal_pcd.c...
compiling stm32f4xx_hal_pwr.c...
compiling stm32f4xx_hal_rcc.c...
compiling stm32f4xx_hal_rcc_ex.c...
compiling stm32f4xx_hal_rng.c...
compiling stm32f4xx_hal_rtc.c...
compiling stm32f4xx_hal_rtc_ex.c...
compiling stm32f4xx_hal_sd.c...
compiling stm32f4xx_hal_smartcard.c...
compiling stm32f4xx_hal_spi.c...
compiling stm32f4xx_hal_sram.c...
compiling stm32f4xx_hal_tim.c...
compiling stm32f4xx_hal_tim_ex.c...
compiling stm32f4xx_hal_uart.c...
compiling stm32f4xx_hal_usart.c...
compiling stm32f4xx_hal_wwdg.c...
compiling stm32f4xx_ll_sdmmc.c...
compiling stm32f4xx_ll_usb.c...
compiling stm32f4xx_hal_i2s_ex.c...
compiling stm32f4xx_ll_fsmc.c...
assembling startup_stm32f407xx.s...
compiling main.c...
..\Src\main.c(92): warning:  #223-D: function "LCD_LOG_Init" declared implicitly
        LCD_LOG_Init();
..\Src\main.c: 1 warning, 0 errors
compiling stm32f4xx_hal_msp.c...
compiling stm32f4xx_it.c...
compiling ethernetif.c...
compiling app_ethernet.c...
compiling concentrator.c...
compiling api_lib.c...
compiling api_msg.c...
compiling err.c...
compiling netbuf.c...
compiling netdb.c...
compiling netifapi.c...
compiling sockets.c...
compiling tcpip.c...
compiling def.c...
compiling dhcp.c...
compiling dns.c...
compiling init.c...
compiling lwip_timers.c...
compiling mem.c...
compiling memp.c...
compiling netif.c...
compiling pbuf.c...
compiling raw.c...
compiling stats.c...
compiling sys.c...
compiling tcp.c...
compiling tcp_in.c...
compiling tcp_out.c...
compiling udp.c...
compiling autoip.c...
compiling icmp.c...
compiling igmp.c...
compiling inet.c...
compiling inet_chksum.c...
compiling ip.c...
compiling ip_addr.c...
compiling ip_frag.c...
compiling etharp.c...
compiling lcd_log.c...
linking...
Program Size: Code=35410 RO-data=16310 RW-data=300 ZI-data=33692  
"STM3240G-EVAL\STM3240G-EVAL.axf" - 0 Error(s), 1 Warning(s).
Load "STM3240G-EVAL\\STM3240G-EVAL.axf" 
Erase Done.
Programming Done.
Verify OK.
, 1 error
"..\Src\main.c" - 1 Error(s), 0 Warning(s).
