<html>
<body>
<pre>
<h1>µVision Build Log</h1>
<h2>Project:</h2>
C:\Users\Martin\Desktop\BP\ST\test\STM32Cube_FW_F4_V1.3.0\Projects\STM324xG_EVAL\BP\MDK-ARM\Project.uvproj
Project File Date:  09/18/2014

<h2>Output:</h2>
Build target 'STM3240G-EVAL'
compiling main.c...
linking...
Program Size: Code=24490 RO-data=734 RW-data=224 ZI-data=33584  
"STM3240G-EVAL\STM3240G-EVAL.axf" - 0 Error(s), 0 Warning(s).
Load "STM3240G-EVAL\\STM3240G-EVAL.axf" 
Erase Done.
Programming Done.
Verify OK.
</pre>
</body>
</html>
file "app_ethernet.h": No such file or directory
  #include "app_ethernet.h"
..\Src\app_ethernet.c: 0 warnings, 1 error
"STM3240G-EVAL\STM3240G-EVAL.axf" - 1 Error(s), 1 Warning(s).
Target not created
TM3240G-EVAL.axf" - 3 Error(s), 0 Warning(s).
Target not created
: 1 information, 0 warning and 3 error messages.
"STM3240G-EVAL\STM3240G-EVAL.axf" - 3 Error(s), 1 Warning(s).
Target not created
ted
 netbuf.c...
compiling netdb.c...
compiling netifapi.c...
compiling sockets.c...
compiling tcpip.c...
compiling etharp.c...
compiling slipif.c...
linking...
STM3240G-EVAL\STM3240G-EVAL.axf: Error: L6218E: Undefined symbol ethernetif_init (referred from main.o).
STM3240G-EVAL\STM3240G-EVAL.axf: Error: L6218E: Undefined symbol ethernetif_update_config (referred from main.o).
STM3240G-EVAL\STM3240G-EVAL.axf: Error: L6218E: Undefined symbol sys_now (referred from lwip_timers.o).
Not enough information to list image symbols.
Finished: 1 information, 0 warning and 3 error messages.
"STM3240G-EVAL\STM3240G-EVAL.axf" - 3 Error(s), 0 Warning(s).
Target not created
erred from raw.o).
STM3240G-EVAL\STM3240G-EVAL.axf: Error: L6218E: Undefined symbol ip4_addr_isbroadcast (referred from tcp_in.o).
STM3240G-EVAL\STM3240G-EVAL.axf: Error: L6218E: Undefined symbol ip_output (referred from tcp_out.o).
STM3240G-EVAL\STM3240G-EVAL.axf: Error: L6218E: Undefined symbol icmp_dest_unreach (referred from udp.o).
STM3240G-EVAL\STM3240G-EVAL.axf: Error: L6218E: Undefined symbol ethernet_input (referred from main.o).
STM3240G-EVAL\STM3240G-EVAL.axf: Error: L6218E: Undefined symbol ethernetif_init (referred from main.o).
STM3240G-EVAL\STM3240G-EVAL.axf: Error: L6218E: Undefined symbol ethernetif_update_config (referred from main.o).
STM3240G-EVAL\STM3240G-EVAL.axf: Error: L6218E: Undefined symbol etharp_cleanup_netif (referred from netif.o).
STM3240G-EVAL\STM3240G-EVAL.axf: Error: L6218E: Undefined symbol etharp_request (referred from netif.o).
Not enough information to list image symbols.
Finished: 1 information, 0 warning and 18 error messages.
"STM3240G-EVAL\STM3240G-EVAL.axf" - 18 Error(s), 0 Warning(s).
Target not created
IP\src\core\netif.c: 0 warnings, 1 error
compiling def.c...
..\..\..\..\Middlewares\Third_Party\LwIP\src\include\lwip/opt.h(45): error:  #5: cannot open source input file "lwipopts.h": No such file or directory
  #include "lwipopts.h"
..\..\..\..\Middlewares\Third_Party\LwIP\src\core\def.c: 0 warnings, 1 error
compiling dhcp.c...
..\..\..\..\Middlewares\Third_Party\LwIP\src\include\lwip/opt.h(45): error:  #5: cannot open source input file "lwipopts.h": No such file or directory
  #include "lwipopts.h"
..\..\..\..\Middlewares\Third_Party\LwIP\src\core\dhcp.c: 0 warnings, 1 error
compiling dns.c...
..\..\..\..\Middlewares\Third_Party\LwIP\src\include\lwip/opt.h(45): error:  #5: cannot open source input file "lwipopts.h": No such file or directory
  #include "lwipopts.h"
..\..\..\..\Middlewares\Third_Party\LwIP\src\core\dns.c: 0 warnings, 1 error
compiling init.c...
..\..\..\..\Middlewares\Third_Party\LwIP\src\include\lwip/opt.h(45): error:  #5: cannot open source input file "lwipopts.h": No such file or directory
  #include "lwipopts.h"
..\..\..\..\Middlewares\Third_Party\LwIP\src\core\init.c: 0 warnings, 1 error
compiling lwip_timers.c...
..\..\..\..\Middlewares\Third_Party\LwIP\src\include\lwip/opt.h(45): error:  #5: cannot open source input file "lwipopts.h": No such file or directory
  #include "lwipopts.h"
..\..\..\..\Middlewares\Third_Party\LwIP\src\core\lwip_timers.c: 0 warnings, 1 error
compiling mem.c...
..\..\..\..\Middlewares\Third_Party\LwIP\src\include\lwip/opt.h(45): error:  #5: cannot open source input file "lwipopts.h": No such file or directory
  #include "lwipopts.h"
..\..\..\..\Middlewares\Third_Party\LwIP\src\core\mem.c: 0 warnings, 1 error
compiling memp.c...
..\..\..\..\Middlewares\Third_Party\LwIP\src\include\lwip/opt.h(45): error:  #5: cannot open source input file "lwipopts.h": No such file or directory
  #include "lwipopts.h"
..\..\..\..\Middlewares\Third_Party\LwIP\src\core\memp.c: 0 warnings, 1 error
compiling pbuf.c...
..\..\..\..\Middlewares\Third_Party\LwIP\src\include\lwip/opt.h(45): error:  #5: cannot open source input file "lwipopts.h": No such file or directory
  #include "lwipopts.h"
..\..\..\..\Middlewares\Third_Party\LwIP\src\core\pbuf.c: 0 warnings, 1 error
compiling raw.c...
..\..\..\..\Middlewares\Third_Party\LwIP\src\include\lwip/opt.h(45): error:  #5: cannot open source input file "lwipopts.h": No such file or directory
  #include "lwipopts.h"
..\..\..\..\Middlewares\Third_Party\LwIP\src\core\raw.c: 0 warnings, 1 error
compiling stats.c...
..\..\..\..\Middlewares\Third_Party\LwIP\src\include\lwip/opt.h(45): error:  #5: cannot open source input file "lwipopts.h": No such file or directory
  #include "lwipopts.h"
..\..\..\..\Middlewares\Third_Party\LwIP\src\core\stats.c: 0 warnings, 1 error
compiling sys.c...
..\..\..\..\Middlewares\Third_Party\LwIP\src\include\lwip/opt.h(45): error:  #5: cannot open source input file "lwipopts.h": No such file or directory
  #include "lwipopts.h"
..\..\..\..\Middlewares\Third_Party\LwIP\src\core\sys.c: 0 warnings, 1 error
compiling tcp.c...
..\..\..\..\Middlewares\Third_Party\LwIP\src\include\lwip/opt.h(45): error:  #5: cannot open source input file "lwipopts.h": No such file or directory
  #include "lwipopts.h"
..\..\..\..\Middlewares\Third_Party\LwIP\src\core\tcp.c: 0 warnings, 1 error
compiling tcp_in.c...
..\..\..\..\Middlewares\Third_Party\LwIP\src\include\lwip/opt.h(45): error:  #5: cannot open source input file "lwipopts.h": No such file or directory
  #include "lwipopts.h"
..\..\..\..\Middlewares\Third_Party\LwIP\src\core\tcp_in.c: 0 warnings, 1 error
compiling tcp_out.c...
..\..\..\..\Middlewares\Third_Party\LwIP\src\include\lwip/opt.h(45): error:  #5: cannot open source input file "lwipopts.h": No such file or directory
  #include "lwipopts.h"
..\..\..\..\Middlewares\Third_Party\LwIP\src\core\tcp_out.c: 0 warnings, 1 error
compiling udp.c...
..\..\..\..\Middlewares\Third_Party\LwIP\src\include\lwip/opt.h(45): error:  #5: cannot open source input file "lwipopts.h": No such file or directory
  #include "lwipopts.h"
..\..\..\..\Middlewares\Third_Party\LwIP\src\core\udp.c: 0 warnings, 1 error
compiling autoip.c...
..\..\..\..\Middlewares\Third_Party\LwIP\src\include\lwip/opt.h(45): error:  #5: cannot open source input file "lwipopts.h": No such file or directory
  #include "lwipopts.h"
..\..\..\..\Middlewares\Third_Party\LwIP\src\core\ipv4\autoip.c: 0 warnings, 1 error
compiling icmp.c...
..\..\..\..\Middlewares\Third_Party\LwIP\src\include\lwip/opt.h(45): error:  #5: cannot open source input file "lwipopts.h": No such file or directory
  #include "lwipopts.h"
..\..\..\..\Middlewares\Third_Party\LwIP\src\core\ipv4\icmp.c: 0 warnings, 1 error
compiling igmp.c...
..\..\..\..\Middlewares\Third_Party\LwIP\src\include\lwip/opt.h(45): error:  #5: cannot open source input file "lwipopts.h": No such file or directory
  #include "lwipopts.h"
..\..\..\..\Middlewares\Third_Party\LwIP\src\core\ipv4\igmp.c: 0 warnings, 1 error
compiling inet.c...
..\..\..\..\Middlewares\Third_Party\LwIP\src\include\lwip/opt.h(45): error:  #5: cannot open source input file "lwipopts.h": No such file or directory
  #include "lwipopts.h"
..\..\..\..\Middlewares\Third_Party\LwIP\src\core\ipv4\inet.c: 0 warnings, 1 error
compiling inet_chksum.c...
..\..\..\..\Middlewares\Third_Party\LwIP\src\include\lwip/opt.h(45): error:  #5: cannot open source input file "lwipopts.h": No such file or directory
  #include "lwipopts.h"
..\..\..\..\Middlewares\Third_Party\LwIP\src\core\ipv4\inet_chksum.c: 0 warnings, 1 error
compiling ip.c...
..\..\..\..\Middlewares\Third_Party\LwIP\src\include\lwip/opt.h(45): error:  #5: cannot open source input file "lwipopts.h": No such file or directory
  #include "lwipopts.h"
..\..\..\..\Middlewares\Third_Party\LwIP\src\core\ipv4\ip.c: 0 warnings, 1 error
compiling ip_addr.c...
..\..\..\..\Middlewares\Third_Party\LwIP\src\include\lwip/opt.h(45): error:  #5: cannot open source input file "lwipopts.h": No such file or directory
  #include "lwipopts.h"
..\..\..\..\Middlewares\Third_Party\LwIP\src\core\ipv4\ip_addr.c: 0 warnings, 1 error
compiling ip_frag.c...
..\..\..\..\Middlewares\Third_Party\LwIP\src\include\lwip/opt.h(45): error:  #5: cannot open source input file "lwipopts.h": No such file or directory
  #include "lwipopts.h"
..\..\..\..\Middlewares\Third_Party\LwIP\src\core\ipv4\ip_frag.c: 0 warnings, 1 error
compiling api_lib.c...
..\..\..\..\Middlewares\Third_Party\LwIP\src\include\lwip/opt.h(45): error:  #5: cannot open source input file "lwipopts.h": No such file or directory
  #include "lwipopts.h"
..\..\..\..\Middlewares\Third_Party\LwIP\src\api\api_lib.c: 0 warnings, 1 error
compiling api_msg.c...
..\..\..\..\Middlewares\Third_Party\LwIP\src\include\lwip/opt.h(45): error:  #5: cannot open source input file "lwipopts.h": No such file or directory
  #include "lwipopts.h"
..\..\..\..\Middlewares\Third_Party\LwIP\src\api\api_msg.c: 0 warnings, 1 error
compiling err.c...
..\..\..\..\Middlewares\Third_Party\LwIP\src\include\lwip/opt.h(45): error:  #5: cannot open source input file "lwipopts.h": No such file or directory
  #include "lwipopts.h"
..\..\..\..\Middlewares\Third_Party\LwIP\src\api\err.c: 0 warnings, 1 error
compiling netbuf.c...
..\..\..\..\Middlewares\Third_Party\LwIP\src\include\lwip/opt.h(45): error:  #5: cannot open source input file "lwipopts.h": No such file or directory
  #include "lwipopts.h"
..\..\..\..\Middlewares\Third_Party\LwIP\src\api\netbuf.c: 0 warnings, 1 error
compiling netdb.c...
..\..\..\..\Middlewares\Third_Party\LwIP\src\include\lwip/opt.h(45): error:  #5: cannot open source input file "lwipopts.h": No such file or directory
  #include "lwipopts.h"
..\..\..\..\Middlewares\Third_Party\LwIP\src\api\netdb.c: 0 warnings, 1 error
compiling netifapi.c...
..\..\..\..\Middlewares\Third_Party\LwIP\src\include\lwip/opt.h(45): error:  #5: cannot open source input file "lwipopts.h": No such file or directory
  #include "lwipopts.h"
..\..\..\..\Middlewares\Third_Party\LwIP\src\api\netifapi.c: 0 warnings, 1 error
compiling sockets.c...
..\..\..\..\Middlewares\Third_Party\LwIP\src\include\lwip/opt.h(45): error:  #5: cannot open source input file "lwipopts.h": No such file or directory
  #include "lwipopts.h"
..\..\..\..\Middlewares\Third_Party\LwIP\src\api\sockets.c: 0 warnings, 1 error
compiling tcpip.c...
..\..\..\..\Middlewares\Third_Party\LwIP\src\include\lwip/opt.h(45): error:  #5: cannot open source input file "lwipopts.h": No such file or directory
  #include "lwipopts.h"
..\..\..\..\Middlewares\Third_Party\LwIP\src\api\tcpip.c: 0 warnings, 1 error
compiling etharp.c...
..\..\..\..\Middlewares\Third_Party\LwIP\src\include\lwip/opt.h(45): error:  #5: cannot open source input file "lwipopts.h": No such file or directory
  #include "lwipopts.h"
..\..\..\..\Middlewares\Third_Party\LwIP\src\netif\etharp.c: 0 warnings, 1 error
"STM3240G-EVAL\STM3240G-EVAL.axf" - 34 Error(s), 0 Warning(s).
Target not created
), 0 Warning(s).
Target not created
