<html>
<body>
<pre>
<h1>µVision Build Log</h1>
<h2>Tool Versions:</h2>
IDE-Version: µVision V5.12.0.0
Copyright (C) 2014 ARM Ltd and ARM Germany GmbH. All rights reserved.
License Information: Martin Zlámal, ZÈU, LIC=----
 
Tool Versions:
Toolchain:       MDK-Lite  Version: 5.12.0.0
Toolchain Path:  C:\Keil_v5\ARM\ARMCC\Bin
C Compiler:      Armcc.exe V5.05 (build 41)
Assembler:       Armasm.exe V5.05 (build 41)
Linker/Locator:  ArmLink.exe V5.05 (build 41)
Library Manager: ArmAr.exe V5.05 (build 41)
Hex Converter:   FromElf.exe V5.05 (build 41)
CPU DLL:         SARMCM3.DLL V5.12.0.0
Dialog DLL:      DCM.DLL V1.13.0.0
    Target DLL: STLink\ST-LINKIII-KEIL_SWO.dll
Dialog DLL:      TCM.DLL V1.14.2.0
 
<h2>Project:</h2>
C:\Users\Martin\Desktop\real-time-ws\ST\test\STM32Cube_FW_F4_V1.3.0\Projects\STM324xG_EVAL\Examples\ADC\ADC_DualModeInterleaved\MDK-ARM\Project.uvproj
Project File Date:  10/25/2014

<h2>Output:</h2>
Build target 'STM324xG_EVAL'
assembling startup_stm32f407xx.s...
compiling stm32f4xx_hal_msp.c...
compiling stm32f4xx_it.c...
linking...
Program Size: Code=8320 RO-data=468 RW-data=72 ZI-data=1320  
"STM324xG_EVAL\STM324xG_EVAL.axf" - 0 Error(s), 0 Warning(s).
Load "STM324xG_EVAL\\STM324xG_EVAL.axf" 
Erase Done.
Programming Done.
Verify OK.
Load "STM324xG_EVAL\\STM324xG_EVAL.axf" 
Erase Done.
Programming Done.
Verify OK.
</pre>
</body>
</html>
ling stm32f4xx_hal_uart.c...
compiling stm32f4xx_ll_fsmc.c...
assembling startup_stm32f407xx.s...
startup_stm32f407xx.s: error: A1023E: File "startup_stm32f407xx.s" could not be opened: No such file or directory
"STM324xG_EVAL\STM324xG_EVAL.axf" - 1 Error(s), 0 Warning(s).
Target not created.
gs, 1 error
compiling system_stm32f4xx.c...
..\..\..\..\..\..\Drivers\CMSIS\Device\ST\STM32F4xx\Include\stm32f407xx.h(184): error:  #5: cannot open source input file "core_cm4.h": No such file or directory
  #include "core_cm4.h"             /* Cortex-M4 processor and core peripherals */
..\Src\system_stm32f4xx.c: 0 warnings, 1 error
compiling stm32f4xx_hal.c...
..\..\..\..\..\..\Drivers\CMSIS\Device\ST\STM32F4xx\Include\stm32f407xx.h(184): error:  #5: cannot open source input file "core_cm4.h": No such file or directory
  #include "core_cm4.h"             /* Cortex-M4 processor and core peripherals */
..\..\..\..\..\..\Drivers\STM32F4xx_HAL_Driver\Src\stm32f4xx_hal.c: 0 warnings, 1 error
compiling stm32f4xx_hal_adc.c...
..\..\..\..\..\..\Drivers\CMSIS\Device\ST\STM32F4xx\Include\stm32f407xx.h(184): error:  #5: cannot open source input file "core_cm4.h": No such file or directory
  #include "core_cm4.h"             /* Cortex-M4 processor and core peripherals */
..\..\..\..\..\..\Drivers\STM32F4xx_HAL_Driver\Src\stm32f4xx_hal_adc.c: 0 warnings, 1 error
compiling stm32f4xx_hal_adc_ex.c...
..\..\..\..\..\..\Drivers\CMSIS\Device\ST\STM32F4xx\Include\stm32f407xx.h(184): error:  #5: cannot open source input file "core_cm4.h": No such file or directory
  #include "core_cm4.h"             /* Cortex-M4 processor and core peripherals */
..\..\..\..\..\..\Drivers\STM32F4xx_HAL_Driver\Src\stm32f4xx_hal_adc_ex.c: 0 warnings, 1 error
compiling stm32f4xx_hal_cortex.c...
..\..\..\..\..\..\Drivers\CMSIS\Device\ST\STM32F4xx\Include\stm32f407xx.h(184): error:  #5: cannot open source input file "core_cm4.h": No such file or directory
  #include "core_cm4.h"             /* Cortex-M4 processor and core peripherals */
..\..\..\..\..\..\Drivers\STM32F4xx_HAL_Driver\Src\stm32f4xx_hal_cortex.c: 0 warnings, 1 error
compiling stm32f4xx_hal_dma.c...
..\..\..\..\..\..\Drivers\CMSIS\Device\ST\STM32F4xx\Include\stm32f407xx.h(184): error:  #5: cannot open source input file "core_cm4.h": No such file or directory
  #include "core_cm4.h"             /* Cortex-M4 processor and core peripherals */
..\..\..\..\..\..\Drivers\STM32F4xx_HAL_Driver\Src\stm32f4xx_hal_dma.c: 0 warnings, 1 error
compiling stm32f4xx_hal_gpio.c...
..\..\..\..\..\..\Drivers\CMSIS\Device\ST\STM32F4xx\Include\stm32f407xx.h(184): error:  #5: cannot open source input file "core_cm4.h": No such file or directory
  #include "core_cm4.h"             /* Cortex-M4 processor and core peripherals */
..\..\..\..\..\..\Drivers\STM32F4xx_HAL_Driver\Src\stm32f4xx_hal_gpio.c: 0 warnings, 1 error
compiling stm32f4xx_hal_i2c.c...
..\..\..\..\..\..\Drivers\CMSIS\Device\ST\STM32F4xx\Include\stm32f407xx.h(184): error:  #5: cannot open source input file "core_cm4.h": No such file or directory
  #include "core_cm4.h"             /* Cortex-M4 processor and core peripherals */
..\..\..\..\..\..\Drivers\STM32F4xx_HAL_Driver\Src\stm32f4xx_hal_i2c.c: 0 warnings, 1 error
compiling stm32f4xx_hal_rcc.c...
..\..\..\..\..\..\Drivers\CMSIS\Device\ST\STM32F4xx\Include\stm32f407xx.h(184): error:  #5: cannot open source input file "core_cm4.h": No such file or directory
  #include "core_cm4.h"             /* Cortex-M4 processor and core peripherals */
..\..\..\..\..\..\Drivers\STM32F4xx_HAL_Driver\Src\stm32f4xx_hal_rcc.c: 0 warnings, 1 error
compiling stm32f4xx_hal_sram.c...
..\..\..\..\..\..\Drivers\CMSIS\Device\ST\STM32F4xx\Include\stm32f407xx.h(184): error:  #5: cannot open source input file "core_cm4.h": No such file or directory
  #include "core_cm4.h"             /* Cortex-M4 processor and core peripherals */
..\..\..\..\..\..\Drivers\STM32F4xx_HAL_Driver\Src\stm32f4xx_hal_sram.c: 0 warnings, 1 error
compiling stm32f4xx_hal_uart.c...
..\..\..\..\..\..\Drivers\CMSIS\Device\ST\STM32F4xx\Include\stm32f407xx.h(184): error:  #5: cannot open source input file "core_cm4.h": No such file or directory
  #include "core_cm4.h"             /* Cortex-M4 processor and core peripherals */
..\..\..\..\..\..\Drivers\STM32F4xx_HAL_Driver\Src\stm32f4xx_hal_uart.c: 0 warnings, 1 error
compiling stm32f4xx_ll_fsmc.c...
..\..\..\..\..\..\Drivers\CMSIS\Device\ST\STM32F4xx\Include\stm32f407xx.h(184): error:  #5: cannot open source input file "core_cm4.h": No such file or directory
  #include "core_cm4.h"             /* Cortex-M4 processor and core peripherals */
..\..\..\..\..\..\Drivers\STM32F4xx_HAL_Driver\Src\stm32f4xx_ll_fsmc.c: 0 warnings, 1 error
assembling startup_stm32f407xx.s...
startup_stm32f407xx.s: error: A1023E: File "startup_stm32f407xx.s" could not be opened: No such file or directory
"STM324xG_EVAL\STM324xG_EVAL.axf" - 15 Error(s), 0 Warning(s).
Target not created.
compiling main.c...
"..\Src\main.c" - 0 Error(s), 0 Warning(s).
