<html>
<body>
<pre>
<h1>µVision Build Log</h1>
<h2>Project:</h2>
C:\Users\Martin\Desktop\BP\ST\test\STM32Cube_FW_F4_V1.3.0\Projects\STM324xG_EVAL\Examples\ADC\ADC_RegularConversion_DMA\MDK-ARM\Project.uvproj
Project File Date:  06/26/2014

<h2>Output:</h2>
Rebuild target 'STM324xG_EVAL'
compiling stmpe811.c...
compiling stm324xg_eval.c...
compiling stm324xg_eval_io.c...
compiling system_stm32f4xx.c...
compiling stm32f4xx_hal.c...
compiling stm32f4xx_hal_adc.c...
compiling stm32f4xx_hal_cortex.c...
compiling stm32f4xx_hal_dma.c...
compiling stm32f4xx_hal_gpio.c...
compiling stm32f4xx_hal_i2c.c...
compiling stm32f4xx_hal_rcc.c...
compiling stm32f4xx_hal_sram.c...
compiling stm32f4xx_hal_uart.c...
compiling stm32f4xx_ll_fsmc.c...
compiling stm32f4xx_hal_adc_ex.c...
assembling startup_stm32f407xx.s...
compiling main.c...
compiling stm32f4xx_hal_msp.c...
compiling stm32f4xx_it.c...
linking...
Program Size: Code=7980 RO-data=468 RW-data=72 ZI-data=1256  
"STM324xG_EVAL\STM324xG_EVAL.axf" - 0 Error(s), 0 Warning(s).
Load "STM324xG_EVAL\\STM324xG_EVAL.axf" 
Erase Failed!
Error: Flash Download failed  -  "Cortex-M4"
Load "STM324xG_EVAL\\STM324xG_EVAL.axf" 
Erase Done.
Programming Done.
Verify OK.
</pre>
</body>
</html>
